<?xml version="1.0" encoding="ISO-8859-1" ?>
<link_info>
   <banner>TI ARM Linker PC v20.2.7.LTS</banner>
   <copyright>Copyright (c) 1996-2018 Texas Instruments Incorporated</copyright>
   <link_time>0x67d8b119</link_time>
   <link_errors>0x0</link_errors>
   <output_file>Project1.out</output_file>
   <entry_point>
      <name>_c_int00_noargs</name>
      <address>0x7709</address>
   </entry_point>
   <input_file_list>
      <input_file id="fl-2">
         <path>.\</path>
         <kind>object</kind>
         <file>arp.obj</file>
         <name>arp.obj</name>
      </input_file>
      <input_file id="fl-3">
         <path>.\</path>
         <kind>object</kind>
         <file>clock.obj</file>
         <name>clock.obj</name>
      </input_file>
      <input_file id="fl-4">
         <path>.\</path>
         <kind>object</kind>
         <file>eeprom.obj</file>
         <name>eeprom.obj</name>
      </input_file>
      <input_file id="fl-5">
         <path>.\</path>
         <kind>object</kind>
         <file>eth0.obj</file>
         <name>eth0.obj</name>
      </input_file>
      <input_file id="fl-6">
         <path>.\</path>
         <kind>object</kind>
         <file>ethernet.obj</file>
         <name>ethernet.obj</name>
      </input_file>
      <input_file id="fl-7">
         <path>.\</path>
         <kind>object</kind>
         <file>gpio.obj</file>
         <name>gpio.obj</name>
      </input_file>
      <input_file id="fl-8">
         <path>.\</path>
         <kind>object</kind>
         <file>icmp.obj</file>
         <name>icmp.obj</name>
      </input_file>
      <input_file id="fl-9">
         <path>.\</path>
         <kind>object</kind>
         <file>ip.obj</file>
         <name>ip.obj</name>
      </input_file>
      <input_file id="fl-a">
         <path>.\</path>
         <kind>object</kind>
         <file>mqtt.obj</file>
         <name>mqtt.obj</name>
      </input_file>
      <input_file id="fl-b">
         <path>.\</path>
         <kind>object</kind>
         <file>socket.obj</file>
         <name>socket.obj</name>
      </input_file>
      <input_file id="fl-c">
         <path>.\</path>
         <kind>object</kind>
         <file>spi0.obj</file>
         <name>spi0.obj</name>
      </input_file>
      <input_file id="fl-d">
         <path>.\</path>
         <kind>object</kind>
         <file>tcp.obj</file>
         <name>tcp.obj</name>
      </input_file>
      <input_file id="fl-e">
         <path>.\</path>
         <kind>object</kind>
         <file>timer.obj</file>
         <name>timer.obj</name>
      </input_file>
      <input_file id="fl-f">
         <path>.\</path>
         <kind>object</kind>
         <file>tm4c123gh6pm_startup_ccs.obj</file>
         <name>tm4c123gh6pm_startup_ccs.obj</name>
      </input_file>
      <input_file id="fl-10">
         <path>.\</path>
         <kind>object</kind>
         <file>uart0.obj</file>
         <name>uart0.obj</name>
      </input_file>
      <input_file id="fl-11">
         <path>.\</path>
         <kind>object</kind>
         <file>udp.obj</file>
         <name>udp.obj</name>
      </input_file>
      <input_file id="fl-12">
         <path>.\</path>
         <kind>object</kind>
         <file>wait.obj</file>
         <name>wait.obj</name>
      </input_file>
      <input_file id="fl-16">
         <kind>object</kind>
         <file>&lt;internal&gt;</file>
         <name>&lt;internal&gt;</name>
      </input_file>
      <input_file id="fl-cc">
         <path>C:\ti\ccs1280\ccs\tools\compiler\ti-cgt-arm_20.2.7.LTS\lib\</path>
         <kind>archive</kind>
         <file>rtsv7M4_T_le_v4SPD16_eabi.lib</file>
         <name>snprintf.c.obj</name>
      </input_file>
      <input_file id="fl-cd">
         <path>C:\ti\ccs1280\ccs\tools\compiler\ti-cgt-arm_20.2.7.LTS\lib\</path>
         <kind>archive</kind>
         <file>rtsv7M4_T_le_v4SPD16_eabi.lib</file>
         <name>sscanf.c.obj</name>
      </input_file>
      <input_file id="fl-ce">
         <path>C:\ti\ccs1280\ccs\tools\compiler\ti-cgt-arm_20.2.7.LTS\lib\</path>
         <kind>archive</kind>
         <file>rtsv7M4_T_le_v4SPD16_eabi.lib</file>
         <name>memcpy_t2.asm.obj</name>
      </input_file>
      <input_file id="fl-cf">
         <path>C:\ti\ccs1280\ccs\tools\compiler\ti-cgt-arm_20.2.7.LTS\lib\</path>
         <kind>archive</kind>
         <file>rtsv7M4_T_le_v4SPD16_eabi.lib</file>
         <name>copy_zero_init.c.obj</name>
      </input_file>
      <input_file id="fl-d0">
         <path>C:\ti\ccs1280\ccs\tools\compiler\ti-cgt-arm_20.2.7.LTS\lib\</path>
         <kind>archive</kind>
         <file>rtsv7M4_T_le_v4SPD16_eabi.lib</file>
         <name>copy_decompress_none.c.obj</name>
      </input_file>
      <input_file id="fl-d1">
         <path>C:\ti\ccs1280\ccs\tools\compiler\ti-cgt-arm_20.2.7.LTS\lib\</path>
         <kind>archive</kind>
         <file>rtsv7M4_T_le_v4SPD16_eabi.lib</file>
         <name>copy_decompress_lzss.c.obj</name>
      </input_file>
      <input_file id="fl-d2">
         <path>C:\ti\ccs1280\ccs\tools\compiler\ti-cgt-arm_20.2.7.LTS\lib\</path>
         <kind>archive</kind>
         <file>rtsv7M4_T_le_v4SPD16_eabi.lib</file>
         <name>ctype.c.obj</name>
      </input_file>
      <input_file id="fl-d3">
         <path>C:\ti\ccs1280\ccs\tools\compiler\ti-cgt-arm_20.2.7.LTS\lib\</path>
         <kind>archive</kind>
         <file>rtsv7M4_T_le_v4SPD16_eabi.lib</file>
         <name>strcmp.c.obj</name>
      </input_file>
      <input_file id="fl-d4">
         <path>C:\ti\ccs1280\ccs\tools\compiler\ti-cgt-arm_20.2.7.LTS\lib\</path>
         <kind>archive</kind>
         <file>rtsv7M4_T_le_v4SPD16_eabi.lib</file>
         <name>strlen.c.obj</name>
      </input_file>
      <input_file id="fl-d5">
         <path>C:\ti\ccs1280\ccs\tools\compiler\ti-cgt-arm_20.2.7.LTS\lib\</path>
         <kind>archive</kind>
         <file>rtsv7M4_T_le_v4SPD16_eabi.lib</file>
         <name>strtok.c.obj</name>
      </input_file>
      <input_file id="fl-d6">
         <path>C:\ti\ccs1280\ccs\tools\compiler\ti-cgt-arm_20.2.7.LTS\lib\</path>
         <kind>archive</kind>
         <file>rtsv7M4_T_le_v4SPD16_eabi.lib</file>
         <name>tolower.c.obj</name>
      </input_file>
      <input_file id="fl-d7">
         <path>C:\ti\ccs1280\ccs\tools\compiler\ti-cgt-arm_20.2.7.LTS\lib\</path>
         <kind>archive</kind>
         <file>rtsv7M4_T_le_v4SPD16_eabi.lib</file>
         <name>boot_cortex_m.c.obj</name>
      </input_file>
      <input_file id="fl-d8">
         <path>C:\ti\ccs1280\ccs\tools\compiler\ti-cgt-arm_20.2.7.LTS\lib\</path>
         <kind>archive</kind>
         <file>rtsv7M4_T_le_v4SPD16_eabi.lib</file>
         <name>_printfi.c.obj</name>
      </input_file>
      <input_file id="fl-d9">
         <path>C:\ti\ccs1280\ccs\tools\compiler\ti-cgt-arm_20.2.7.LTS\lib\</path>
         <kind>archive</kind>
         <file>rtsv7M4_T_le_v4SPD16_eabi.lib</file>
         <name>_scanfi.c.obj</name>
      </input_file>
      <input_file id="fl-da">
         <path>C:\ti\ccs1280\ccs\tools\compiler\ti-cgt-arm_20.2.7.LTS\lib\</path>
         <kind>archive</kind>
         <file>rtsv7M4_T_le_v4SPD16_eabi.lib</file>
         <name>fd_add_t2.asm.obj</name>
      </input_file>
      <input_file id="fl-db">
         <path>C:\ti\ccs1280\ccs\tools\compiler\ti-cgt-arm_20.2.7.LTS\lib\</path>
         <kind>archive</kind>
         <file>rtsv7M4_T_le_v4SPD16_eabi.lib</file>
         <name>fd_cmp_t2.asm.obj</name>
      </input_file>
      <input_file id="fl-dc">
         <path>C:\ti\ccs1280\ccs\tools\compiler\ti-cgt-arm_20.2.7.LTS\lib\</path>
         <kind>archive</kind>
         <file>rtsv7M4_T_le_v4SPD16_eabi.lib</file>
         <name>fd_div_t2.asm.obj</name>
      </input_file>
      <input_file id="fl-dd">
         <path>C:\ti\ccs1280\ccs\tools\compiler\ti-cgt-arm_20.2.7.LTS\lib\</path>
         <kind>archive</kind>
         <file>rtsv7M4_T_le_v4SPD16_eabi.lib</file>
         <name>fd_mul_t2.asm.obj</name>
      </input_file>
      <input_file id="fl-de">
         <path>C:\ti\ccs1280\ccs\tools\compiler\ti-cgt-arm_20.2.7.LTS\lib\</path>
         <kind>archive</kind>
         <file>rtsv7M4_T_le_v4SPD16_eabi.lib</file>
         <name>fd_toi_t2.asm.obj</name>
      </input_file>
      <input_file id="fl-df">
         <path>C:\ti\ccs1280\ccs\tools\compiler\ti-cgt-arm_20.2.7.LTS\lib\</path>
         <kind>archive</kind>
         <file>rtsv7M4_T_le_v4SPD16_eabi.lib</file>
         <name>fd_tos_t2.asm.obj</name>
      </input_file>
      <input_file id="fl-e0">
         <path>C:\ti\ccs1280\ccs\tools\compiler\ti-cgt-arm_20.2.7.LTS\lib\</path>
         <kind>archive</kind>
         <file>rtsv7M4_T_le_v4SPD16_eabi.lib</file>
         <name>i_tofd_t2.asm.obj</name>
      </input_file>
      <input_file id="fl-e1">
         <path>C:\ti\ccs1280\ccs\tools\compiler\ti-cgt-arm_20.2.7.LTS\lib\</path>
         <kind>archive</kind>
         <file>rtsv7M4_T_le_v4SPD16_eabi.lib</file>
         <name>memset_t2.asm.obj</name>
      </input_file>
      <input_file id="fl-e2">
         <path>C:\ti\ccs1280\ccs\tools\compiler\ti-cgt-arm_20.2.7.LTS\lib\</path>
         <kind>archive</kind>
         <file>rtsv7M4_T_le_v4SPD16_eabi.lib</file>
         <name>ull_div_t2.asm.obj</name>
      </input_file>
      <input_file id="fl-e3">
         <path>C:\ti\ccs1280\ccs\tools\compiler\ti-cgt-arm_20.2.7.LTS\lib\</path>
         <kind>archive</kind>
         <file>rtsv7M4_T_le_v4SPD16_eabi.lib</file>
         <name>autoinit.c.obj</name>
      </input_file>
      <input_file id="fl-e4">
         <path>C:\ti\ccs1280\ccs\tools\compiler\ti-cgt-arm_20.2.7.LTS\lib\</path>
         <kind>archive</kind>
         <file>rtsv7M4_T_le_v4SPD16_eabi.lib</file>
         <name>pre_init.c.obj</name>
      </input_file>
      <input_file id="fl-e5">
         <path>C:\ti\ccs1280\ccs\tools\compiler\ti-cgt-arm_20.2.7.LTS\lib\</path>
         <kind>archive</kind>
         <file>rtsv7M4_T_le_v4SPD16_eabi.lib</file>
         <name>cpy_tbl.c.obj</name>
      </input_file>
      <input_file id="fl-e6">
         <path>C:\ti\ccs1280\ccs\tools\compiler\ti-cgt-arm_20.2.7.LTS\lib\</path>
         <kind>archive</kind>
         <file>rtsv7M4_T_le_v4SPD16_eabi.lib</file>
         <name>exit.c.obj</name>
      </input_file>
      <input_file id="fl-e7">
         <path>C:\ti\ccs1280\ccs\tools\compiler\ti-cgt-arm_20.2.7.LTS\lib\</path>
         <kind>archive</kind>
         <file>rtsv7M4_T_le_v4SPD16_eabi.lib</file>
         <name>_lock.c.obj</name>
      </input_file>
      <input_file id="fl-e8">
         <path>C:\ti\ccs1280\ccs\tools\compiler\ti-cgt-arm_20.2.7.LTS\lib\</path>
         <kind>archive</kind>
         <file>rtsv7M4_T_le_v4SPD16_eabi.lib</file>
         <name>_ltoa.c.obj</name>
      </input_file>
      <input_file id="fl-e9">
         <path>C:\ti\ccs1280\ccs\tools\compiler\ti-cgt-arm_20.2.7.LTS\lib\</path>
         <kind>archive</kind>
         <file>rtsv7M4_T_le_v4SPD16_eabi.lib</file>
         <name>args_main.c.obj</name>
      </input_file>
      <input_file id="fl-ea">
         <path>C:\ti\ccs1280\ccs\tools\compiler\ti-cgt-arm_20.2.7.LTS\lib\</path>
         <kind>archive</kind>
         <file>rtsv7M4_T_le_v4SPD16_eabi.lib</file>
         <name>atoi.c.obj</name>
      </input_file>
      <input_file id="fl-eb">
         <path>C:\ti\ccs1280\ccs\tools\compiler\ti-cgt-arm_20.2.7.LTS\lib\</path>
         <kind>archive</kind>
         <file>rtsv7M4_T_le_v4SPD16_eabi.lib</file>
         <name>memccpy.c.obj</name>
      </input_file>
      <input_file id="fl-ec">
         <path>C:\ti\ccs1280\ccs\tools\compiler\ti-cgt-arm_20.2.7.LTS\lib\</path>
         <kind>archive</kind>
         <file>rtsv7M4_T_le_v4SPD16_eabi.lib</file>
         <name>strchr.c.obj</name>
      </input_file>
      <input_file id="fl-ed">
         <path>C:\ti\ccs1280\ccs\tools\compiler\ti-cgt-arm_20.2.7.LTS\lib\</path>
         <kind>archive</kind>
         <file>rtsv7M4_T_le_v4SPD16_eabi.lib</file>
         <name>strcpy.c.obj</name>
      </input_file>
      <input_file id="fl-ee">
         <path>C:\ti\ccs1280\ccs\tools\compiler\ti-cgt-arm_20.2.7.LTS\lib\</path>
         <kind>archive</kind>
         <file>rtsv7M4_T_le_v4SPD16_eabi.lib</file>
         <name>strcspn.c.obj</name>
      </input_file>
      <input_file id="fl-ef">
         <path>C:\ti\ccs1280\ccs\tools\compiler\ti-cgt-arm_20.2.7.LTS\lib\</path>
         <kind>archive</kind>
         <file>rtsv7M4_T_le_v4SPD16_eabi.lib</file>
         <name>strrchr.c.obj</name>
      </input_file>
      <input_file id="fl-f0">
         <path>C:\ti\ccs1280\ccs\tools\compiler\ti-cgt-arm_20.2.7.LTS\lib\</path>
         <kind>archive</kind>
         <file>rtsv7M4_T_le_v4SPD16_eabi.lib</file>
         <name>strspn.c.obj</name>
      </input_file>
      <input_file id="fl-f1">
         <path>C:\ti\ccs1280\ccs\tools\compiler\ti-cgt-arm_20.2.7.LTS\lib\</path>
         <kind>archive</kind>
         <file>rtsv7M4_T_le_v4SPD16_eabi.lib</file>
         <name>strtod.c.obj</name>
      </input_file>
      <input_file id="fl-f2">
         <path>C:\ti\ccs1280\ccs\tools\compiler\ti-cgt-arm_20.2.7.LTS\lib\</path>
         <kind>archive</kind>
         <file>rtsv7M4_T_le_v4SPD16_eabi.lib</file>
         <name>strtol.c.obj</name>
      </input_file>
      <input_file id="fl-f3">
         <path>C:\ti\ccs1280\ccs\tools\compiler\ti-cgt-arm_20.2.7.LTS\lib\</path>
         <kind>archive</kind>
         <file>rtsv7M4_T_le_v4SPD16_eabi.lib</file>
         <name>strtoll.c.obj</name>
      </input_file>
      <input_file id="fl-f4">
         <path>C:\ti\ccs1280\ccs\tools\compiler\ti-cgt-arm_20.2.7.LTS\lib\</path>
         <kind>archive</kind>
         <file>rtsv7M4_T_le_v4SPD16_eabi.lib</file>
         <name>strtoul.c.obj</name>
      </input_file>
      <input_file id="fl-f5">
         <path>C:\ti\ccs1280\ccs\tools\compiler\ti-cgt-arm_20.2.7.LTS\lib\</path>
         <kind>archive</kind>
         <file>rtsv7M4_T_le_v4SPD16_eabi.lib</file>
         <name>strtoull.c.obj</name>
      </input_file>
      <input_file id="fl-f6">
         <path>C:\ti\ccs1280\ccs\tools\compiler\ti-cgt-arm_20.2.7.LTS\lib\</path>
         <kind>archive</kind>
         <file>rtsv7M4_T_le_v4SPD16_eabi.lib</file>
         <name>errno.c.obj</name>
      </input_file>
      <input_file id="fl-f7">
         <path>C:\ti\ccs1280\ccs\tools\compiler\ti-cgt-arm_20.2.7.LTS\lib\</path>
         <kind>archive</kind>
         <file>rtsv7M4_T_le_v4SPD16_eabi.lib</file>
         <name>wcslen.c.obj</name>
      </input_file>
      <input_file id="fl-f8">
         <path>C:\ti\ccs1280\ccs\tools\compiler\ti-cgt-arm_20.2.7.LTS\lib\</path>
         <kind>archive</kind>
         <file>rtsv7M4_T_le_v4SPD16_eabi.lib</file>
         <name>s_frexp.c.obj</name>
      </input_file>
      <input_file id="fl-f9">
         <path>C:\ti\ccs1280\ccs\tools\compiler\ti-cgt-arm_20.2.7.LTS\lib\</path>
         <kind>archive</kind>
         <file>rtsv7M4_T_le_v4SPD16_eabi.lib</file>
         <name>s_scalbn.c.obj</name>
      </input_file>
      <input_file id="fl-fa">
         <path>C:\ti\ccs1280\ccs\tools\compiler\ti-cgt-arm_20.2.7.LTS\lib\</path>
         <kind>archive</kind>
         <file>rtsv7M4_T_le_v4SPD16_eabi.lib</file>
         <name>div0.asm.obj</name>
      </input_file>
      <input_file id="fl-fb">
         <path>C:\ti\ccs1280\ccs\tools\compiler\ti-cgt-arm_20.2.7.LTS\lib\</path>
         <kind>archive</kind>
         <file>rtsv7M4_T_le_v4SPD16_eabi.lib</file>
         <name>ll_mul_t2.asm.obj</name>
      </input_file>
      <input_file id="fl-fc">
         <path>C:\ti\ccs1280\ccs\tools\compiler\ti-cgt-arm_20.2.7.LTS\lib\</path>
         <kind>archive</kind>
         <file>rtsv7M4_T_le_v4SPD16_eabi.lib</file>
         <name>s_copysign.c.obj</name>
      </input_file>
   </input_file_list>
   <object_component_list>
      <object_component id="oc-12">
         <name>.intvecs</name>
         <load_address>0x0</load_address>
         <run_address>0x0</run_address>
         <size>0x26c</size>
         <input_file_ref idref="fl-f"/>
      </object_component>
      <object_component id="oc-12c">
         <name>.text</name>
         <load_address>0x26c</load_address>
         <run_address>0x26c</run_address>
         <size>0xeba</size>
         <input_file_ref idref="fl-d"/>
      </object_component>
      <object_component id="oc-41b">
         <name>.text</name>
         <load_address>0x1126</load_address>
         <run_address>0x1126</run_address>
         <size>0x2</size>
         <input_file_ref idref="fl-fa"/>
      </object_component>
      <object_component id="oc-b3">
         <name>.text</name>
         <load_address>0x1128</load_address>
         <run_address>0x1128</run_address>
         <size>0xb94</size>
         <input_file_ref idref="fl-6"/>
      </object_component>
      <object_component id="oc-1f8">
         <name>.text:__TI_scanfi</name>
         <load_address>0x1cbc</load_address>
         <run_address>0x1cbc</run_address>
         <size>0xb14</size>
         <input_file_ref idref="fl-d9"/>
      </object_component>
      <object_component id="oc-1be">
         <name>.text:__TI_printfi</name>
         <load_address>0x27d0</load_address>
         <run_address>0x27d0</run_address>
         <size>0xa4e</size>
         <input_file_ref idref="fl-d8"/>
      </object_component>
      <object_component id="oc-e5">
         <name>.text</name>
         <load_address>0x3220</load_address>
         <run_address>0x3220</run_address>
         <size>0x808</size>
         <input_file_ref idref="fl-7"/>
      </object_component>
      <object_component id="oc-eb">
         <name>.text</name>
         <load_address>0x3a28</load_address>
         <run_address>0x3a28</run_address>
         <size>0x714</size>
         <input_file_ref idref="fl-5"/>
      </object_component>
      <object_component id="oc-121">
         <name>.text</name>
         <load_address>0x413c</load_address>
         <run_address>0x413c</run_address>
         <size>0x550</size>
         <input_file_ref idref="fl-a"/>
      </object_component>
      <object_component id="oc-fd">
         <name>.text</name>
         <load_address>0x468c</load_address>
         <run_address>0x468c</run_address>
         <size>0x4ac</size>
         <input_file_ref idref="fl-9"/>
      </object_component>
      <object_component id="oc-2f6">
         <name>.text:strtod</name>
         <load_address>0x4b38</load_address>
         <run_address>0x4b38</run_address>
         <size>0x460</size>
         <input_file_ref idref="fl-f1"/>
      </object_component>
      <object_component id="oc-2d">
         <name>.text</name>
         <load_address>0x4f98</load_address>
         <run_address>0x4f98</run_address>
         <size>0x370</size>
         <input_file_ref idref="fl-e"/>
      </object_component>
      <object_component id="oc-132">
         <name>.text</name>
         <load_address>0x5308</load_address>
         <run_address>0x5308</run_address>
         <size>0x31c</size>
         <input_file_ref idref="fl-b"/>
      </object_component>
      <object_component id="oc-13e">
         <name>.text</name>
         <load_address>0x5624</load_address>
         <run_address>0x5624</run_address>
         <size>0x30e</size>
         <input_file_ref idref="fl-2"/>
      </object_component>
      <object_component id="oc-2a6">
         <name>.text:_pconv_a</name>
         <load_address>0x5934</load_address>
         <run_address>0x5934</run_address>
         <size>0x270</size>
         <input_file_ref idref="fl-d8"/>
      </object_component>
      <object_component id="oc-307">
         <name>.text:strtoll</name>
         <load_address>0x5ba4</load_address>
         <run_address>0x5ba4</run_address>
         <size>0x1dc</size>
         <input_file_ref idref="fl-f3"/>
      </object_component>
      <object_component id="oc-294">
         <name>.text:_pconv_g</name>
         <load_address>0x5d80</load_address>
         <run_address>0x5d80</run_address>
         <size>0x1d0</size>
         <input_file_ref idref="fl-d8"/>
      </object_component>
      <object_component id="oc-39f">
         <name>.text</name>
         <load_address>0x5f50</load_address>
         <run_address>0x5f50</run_address>
         <size>0x1b6</size>
         <input_file_ref idref="fl-da"/>
      </object_component>
      <object_component id="oc-144">
         <name>.text</name>
         <load_address>0x6106</load_address>
         <run_address>0x6106</run_address>
         <size>0x160</size>
         <input_file_ref idref="fl-8"/>
      </object_component>
      <object_component id="oc-1ae">
         <name>.text</name>
         <load_address>0x6268</load_address>
         <run_address>0x6268</run_address>
         <size>0x160</size>
         <input_file_ref idref="fl-c"/>
      </object_component>
      <object_component id="oc-2ea">
         <name>.text:strtoull</name>
         <load_address>0x63c8</load_address>
         <run_address>0x63c8</run_address>
         <size>0x15c</size>
         <input_file_ref idref="fl-f5"/>
      </object_component>
      <object_component id="oc-2a0">
         <name>.text:_pconv_e</name>
         <load_address>0x6524</load_address>
         <run_address>0x6524</run_address>
         <size>0x13c</size>
         <input_file_ref idref="fl-d8"/>
      </object_component>
      <object_component id="oc-385">
         <name>.text</name>
         <load_address>0x6660</load_address>
         <run_address>0x6660</run_address>
         <size>0x136</size>
         <input_file_ref idref="fl-dc"/>
      </object_component>
      <object_component id="oc-301">
         <name>.text:strtol</name>
         <load_address>0x6798</load_address>
         <run_address>0x6798</run_address>
         <size>0x130</size>
         <input_file_ref idref="fl-f2"/>
      </object_component>
      <object_component id="oc-f1">
         <name>.text</name>
         <load_address>0x68c8</load_address>
         <run_address>0x68c8</run_address>
         <size>0x128</size>
         <input_file_ref idref="fl-10"/>
      </object_component>
      <object_component id="oc-3b1">
         <name>.text:fcvt</name>
         <load_address>0x69f0</load_address>
         <run_address>0x69f0</run_address>
         <size>0x124</size>
         <input_file_ref idref="fl-d8"/>
      </object_component>
      <object_component id="oc-3c5">
         <name>.text:scalbn</name>
         <load_address>0x6b14</load_address>
         <run_address>0x6b14</run_address>
         <size>0x110</size>
         <input_file_ref idref="fl-f9"/>
      </object_component>
      <object_component id="oc-2f0">
         <name>.text:strtoul</name>
         <load_address>0x6c24</load_address>
         <run_address>0x6c24</run_address>
         <size>0x110</size>
         <input_file_ref idref="fl-f4"/>
      </object_component>
      <object_component id="oc-380">
         <name>.text</name>
         <load_address>0x6d34</load_address>
         <run_address>0x6d34</run_address>
         <size>0xfc</size>
         <input_file_ref idref="fl-dd"/>
      </object_component>
      <object_component id="oc-289">
         <name>.text:_ltostr</name>
         <load_address>0x6e30</load_address>
         <run_address>0x6e30</run_address>
         <size>0xb1</size>
         <input_file_ref idref="fl-d8"/>
      </object_component>
      <object_component id="oc-41">
         <name>.text</name>
         <load_address>0x6ee2</load_address>
         <run_address>0x6ee2</run_address>
         <size>0x9c</size>
         <input_file_ref idref="fl-ce"/>
      </object_component>
      <object_component id="oc-379">
         <name>.text</name>
         <load_address>0x6f7e</load_address>
         <run_address>0x6f7e</run_address>
         <size>0x96</size>
         <input_file_ref idref="fl-e2"/>
      </object_component>
      <object_component id="oc-28f">
         <name>.text:__aeabi_cdcmple</name>
         <load_address>0x7014</load_address>
         <run_address>0x7014</run_address>
         <size>0x86</size>
         <input_file_ref idref="fl-db"/>
      </object_component>
      <object_component id="oc-38a">
         <name>.text:__aeabi_cdrcmple</name>
         <load_address>0x709a</load_address>
         <run_address>0x709a</run_address>
         <size>0x86</size>
         <input_file_ref idref="fl-db"/>
      </object_component>
      <object_component id="oc-103">
         <name>.text</name>
         <load_address>0x7120</load_address>
         <run_address>0x7120</run_address>
         <size>0x84</size>
         <input_file_ref idref="fl-4"/>
      </object_component>
      <object_component id="oc-a7">
         <name>.text</name>
         <load_address>0x71a4</load_address>
         <run_address>0x71a4</run_address>
         <size>0x7a</size>
         <input_file_ref idref="fl-e1"/>
      </object_component>
      <object_component id="oc-3aa">
         <name>.text:_mcpy</name>
         <load_address>0x721e</load_address>
         <run_address>0x721e</run_address>
         <size>0x6e</size>
         <input_file_ref idref="fl-d8"/>
      </object_component>
      <object_component id="oc-2fc">
         <name>.text</name>
         <load_address>0x728c</load_address>
         <run_address>0x728c</run_address>
         <size>0x6e</size>
         <input_file_ref idref="fl-df"/>
      </object_component>
      <object_component id="oc-20a">
         <name>.text:_chkmbc</name>
         <load_address>0x72fc</load_address>
         <run_address>0x72fc</run_address>
         <size>0x68</size>
         <input_file_ref idref="fl-cd"/>
      </object_component>
      <object_component id="oc-15">
         <name>.text:decompress:lzss:__TI_decompress_lzss</name>
         <load_address>0x7364</load_address>
         <run_address>0x7364</run_address>
         <size>0x68</size>
         <input_file_ref idref="fl-d1"/>
      </object_component>
      <object_component id="oc-3bf">
         <name>.text:frexp</name>
         <load_address>0x73cc</load_address>
         <run_address>0x73cc</run_address>
         <size>0x64</size>
         <input_file_ref idref="fl-f8"/>
      </object_component>
      <object_component id="oc-29a">
         <name>.text:_pconv_f</name>
         <load_address>0x7430</load_address>
         <run_address>0x7430</run_address>
         <size>0x56</size>
         <input_file_ref idref="fl-d8"/>
      </object_component>
      <object_component id="oc-394">
         <name>.text:__TI_ltoa</name>
         <load_address>0x7486</load_address>
         <run_address>0x7486</run_address>
         <size>0x54</size>
         <input_file_ref idref="fl-e8"/>
      </object_component>
      <object_component id="oc-3a4">
         <name>.text:_ecpy</name>
         <load_address>0x74da</load_address>
         <run_address>0x74da</run_address>
         <size>0x52</size>
         <input_file_ref idref="fl-d8"/>
      </object_component>
      <object_component id="oc-283">
         <name>.text:atoi</name>
         <load_address>0x752c</load_address>
         <run_address>0x752c</run_address>
         <size>0x4c</size>
         <input_file_ref idref="fl-ea"/>
      </object_component>
      <object_component id="oc-f7">
         <name>.text:snprintf</name>
         <load_address>0x7578</load_address>
         <run_address>0x7578</run_address>
         <size>0x4c</size>
         <input_file_ref idref="fl-cc"/>
      </object_component>
      <object_component id="oc-38f">
         <name>.text</name>
         <load_address>0x75c4</load_address>
         <run_address>0x75c4</run_address>
         <size>0x48</size>
         <input_file_ref idref="fl-de"/>
      </object_component>
      <object_component id="oc-15c">
         <name>.text:__TI_auto_init_nobinit_nopinit:__TI_auto_init_nobinit_nopinit</name>
         <load_address>0x760c</load_address>
         <run_address>0x760c</run_address>
         <size>0x44</size>
         <input_file_ref idref="fl-e3"/>
      </object_component>
      <object_component id="oc-115">
         <name>.text:strtok</name>
         <load_address>0x7650</load_address>
         <run_address>0x7650</run_address>
         <size>0x40</size>
         <input_file_ref idref="fl-d5"/>
      </object_component>
      <object_component id="oc-3b7">
         <name>.text:_fcpy</name>
         <load_address>0x7690</load_address>
         <run_address>0x7690</run_address>
         <size>0x3e</size>
         <input_file_ref idref="fl-d8"/>
      </object_component>
      <object_component id="oc-10f">
         <name>.text:sscanf</name>
         <load_address>0x76d0</load_address>
         <run_address>0x76d0</run_address>
         <size>0x38</size>
         <input_file_ref idref="fl-cd"/>
      </object_component>
      <object_component id="oc-5f">
         <name>.text:_c_int00_noargs:_c_int00_noargs</name>
         <load_address>0x7708</load_address>
         <run_address>0x7708</run_address>
         <size>0x34</size>
         <input_file_ref idref="fl-d7"/>
      </object_component>
      <object_component id="oc-1c4">
         <name>.text:_outs</name>
         <load_address>0x773c</load_address>
         <run_address>0x773c</run_address>
         <size>0x30</size>
         <input_file_ref idref="fl-cc"/>
      </object_component>
      <object_component id="oc-39a">
         <name>.text</name>
         <load_address>0x776c</load_address>
         <run_address>0x776c</run_address>
         <size>0x2e</size>
         <input_file_ref idref="fl-e0"/>
      </object_component>
      <object_component id="oc-212">
         <name>.text:strspn</name>
         <load_address>0x779a</load_address>
         <run_address>0x779a</run_address>
         <size>0x2a</size>
         <input_file_ref idref="fl-f0"/>
      </object_component>
      <object_component id="oc-218">
         <name>.text:strcspn</name>
         <load_address>0x77c4</load_address>
         <run_address>0x77c4</run_address>
         <size>0x24</size>
         <input_file_ref idref="fl-ee"/>
      </object_component>
      <object_component id="oc-138">
         <name>.text</name>
         <load_address>0x77e8</load_address>
         <run_address>0x77e8</run_address>
         <size>0x24</size>
         <input_file_ref idref="fl-12"/>
      </object_component>
      <object_component id="oc-2ac">
         <name>.text:memccpy</name>
         <load_address>0x780c</load_address>
         <run_address>0x780c</run_address>
         <size>0x1c</size>
         <input_file_ref idref="fl-eb"/>
      </object_component>
      <object_component id="oc-434">
         <name>.text:copysign</name>
         <load_address>0x7828</load_address>
         <run_address>0x7828</run_address>
         <size>0x1a</size>
         <input_file_ref idref="fl-fc"/>
      </object_component>
      <object_component id="oc-1ca">
         <name>.text:_outc</name>
         <load_address>0x7842</load_address>
         <run_address>0x7842</run_address>
         <size>0x18</size>
         <input_file_ref idref="fl-cc"/>
      </object_component>
      <object_component id="oc-3ea">
         <name>.text</name>
         <load_address>0x785a</load_address>
         <run_address>0x785a</run_address>
         <size>0x18</size>
         <input_file_ref idref="fl-fb"/>
      </object_component>
      <object_component id="oc-11b">
         <name>.text:strcmp</name>
         <load_address>0x7872</load_address>
         <run_address>0x7872</run_address>
         <size>0x18</size>
         <input_file_ref idref="fl-d3"/>
      </object_component>
      <object_component id="oc-30d">
         <name>.text:strrchr</name>
         <load_address>0x788a</load_address>
         <run_address>0x788a</run_address>
         <size>0x18</size>
         <input_file_ref idref="fl-ef"/>
      </object_component>
      <object_component id="oc-313">
         <name>.text:strchr</name>
         <load_address>0x78a2</load_address>
         <run_address>0x78a2</run_address>
         <size>0x16</size>
         <input_file_ref idref="fl-ec"/>
      </object_component>
      <object_component id="oc-2e4">
         <name>.text:strcpy</name>
         <load_address>0x78b8</load_address>
         <run_address>0x78b8</run_address>
         <size>0x14</size>
         <input_file_ref idref="fl-ed"/>
      </object_component>
      <object_component id="oc-225">
         <name>.text:strlen</name>
         <load_address>0x78cc</load_address>
         <run_address>0x78cc</run_address>
         <size>0x14</size>
         <input_file_ref idref="fl-d4"/>
      </object_component>
      <object_component id="oc-1fe">
         <name>.text:_inpchar</name>
         <load_address>0x78e0</load_address>
         <run_address>0x78e0</run_address>
         <size>0x12</size>
         <input_file_ref idref="fl-cd"/>
      </object_component>
      <object_component id="oc-2b2">
         <name>.text:wcslen</name>
         <load_address>0x78f2</load_address>
         <run_address>0x78f2</run_address>
         <size>0x12</size>
         <input_file_ref idref="fl-f7"/>
      </object_component>
      <object_component id="oc-df">
         <name>.text</name>
         <load_address>0x7904</load_address>
         <run_address>0x7904</run_address>
         <size>0x10</size>
         <input_file_ref idref="fl-3"/>
      </object_component>
      <object_component id="oc-109">
         <name>.text:tolower</name>
         <load_address>0x7914</load_address>
         <run_address>0x7914</run_address>
         <size>0x10</size>
         <input_file_ref idref="fl-d6"/>
      </object_component>
      <object_component id="oc-1b">
         <name>.text:decompress:none:__TI_decompress_none</name>
         <load_address>0x7924</load_address>
         <run_address>0x7924</run_address>
         <size>0xe</size>
         <input_file_ref idref="fl-d0"/>
      </object_component>
      <object_component id="oc-53">
         <name>.text:decompress:ZI:__TI_zero_init</name>
         <load_address>0x7932</load_address>
         <run_address>0x7932</run_address>
         <size>0xc</size>
         <input_file_ref idref="fl-cf"/>
      </object_component>
      <object_component id="oc-27">
         <name>.text</name>
         <load_address>0x793e</load_address>
         <run_address>0x793e</run_address>
         <size>0xc</size>
         <input_file_ref idref="fl-f"/>
      </object_component>
      <object_component id="oc-2b8">
         <name>.text:__aeabi_errno_addr</name>
         <load_address>0x794c</load_address>
         <run_address>0x794c</run_address>
         <size>0x8</size>
         <input_file_ref idref="fl-f6"/>
      </object_component>
      <object_component id="oc-204">
         <name>.text:_uninpchar</name>
         <load_address>0x7954</load_address>
         <run_address>0x7954</run_address>
         <size>0x8</size>
         <input_file_ref idref="fl-cd"/>
      </object_component>
      <object_component id="oc-ad">
         <name>.text:_system_pre_init</name>
         <load_address>0x795c</load_address>
         <run_address>0x795c</run_address>
         <size>0x4</size>
         <input_file_ref idref="fl-e4"/>
      </object_component>
      <object_component id="oc-150">
         <name>.text:abort:abort</name>
         <load_address>0x7960</load_address>
         <run_address>0x7960</run_address>
         <size>0x4</size>
         <input_file_ref idref="fl-e6"/>
      </object_component>
      <object_component id="oc-1f3">
         <name>.const:.string:_ctypes_</name>
         <load_address>0x7968</load_address>
         <run_address>0x7968</run_address>
         <size>0x101</size>
         <input_file_ref idref="fl-d2"/>
      </object_component>
      <object_component id="oc-22e">
         <name>.const:.string:$P$T1$2</name>
         <load_address>0x7a69</load_address>
         <run_address>0x7a69</run_address>
         <size>0x4</size>
         <input_file_ref idref="fl-a"/>
      </object_component>
      <object_component id="oc-22b">
         <name>.const:.string:$P$T0$1</name>
         <load_address>0x7a6d</load_address>
         <run_address>0x7a6d</run_address>
         <size>0x2</size>
         <input_file_ref idref="fl-a"/>
      </object_component>
      <object_component id="oc-3f3">
         <name>.const:$O1$$</name>
         <load_address>0x7a70</load_address>
         <run_address>0x7a70</run_address>
         <size>0xc8</size>
         <input_file_ref idref="fl-f1"/>
      </object_component>
      <object_component id="oc-319">
         <name>.const:$O1$$</name>
         <load_address>0x7b38</load_address>
         <run_address>0x7b38</run_address>
         <size>0x10</size>
         <input_file_ref idref="fl-d9"/>
      </object_component>
      <object_component id="oc-238">
         <name>.const:.string:$P$T3$4</name>
         <load_address>0x7b48</load_address>
         <run_address>0x7b48</run_address>
         <size>0x4</size>
         <input_file_ref idref="fl-a"/>
      </object_component>
      <object_component id="oc-231">
         <name>.const:.string:$P$T2$3</name>
         <load_address>0x7b4c</load_address>
         <run_address>0x7b4c</run_address>
         <size>0x2</size>
         <input_file_ref idref="fl-a"/>
      </object_component>
      <object_component id="oc-23b">
         <name>.const:.string:$P$T4$5</name>
         <load_address>0x7b4e</load_address>
         <run_address>0x7b4e</run_address>
         <size>0x2</size>
         <input_file_ref idref="fl-a"/>
      </object_component>
      <object_component id="oc-499">
         <name>.cinit..data.load</name>
         <load_address>0x7b50</load_address>
         <run_address>0x7b50</run_address>
         <size>0x14</size>
      </object_component>
      <object_component id="oc-497">
         <name>__TI_handler_table</name>
         <load_address>0x7b64</load_address>
         <run_address>0x7b64</run_address>
         <size>0xc</size>
      </object_component>
      <object_component id="oc-49a">
         <name>.cinit..bss.load</name>
         <load_address>0x7b70</load_address>
         <run_address>0x7b70</run_address>
         <size>0x8</size>
      </object_component>
      <object_component id="oc-498">
         <name>__TI_cinit_table</name>
         <load_address>0x7b78</load_address>
         <run_address>0x7b78</run_address>
         <size>0x10</size>
      </object_component>
      <object_component id="oc-1b4">
         <name>.data</name>
         <load_address>0x200014d8</load_address>
         <run_address>0x200014d8</run_address>
         <size>0x3</size>
         <input_file_ref idref="fl-5"/>
      </object_component>
      <object_component id="oc-1b7">
         <name>.data:hwAddress</name>
         <load_address>0x200014b5</load_address>
         <run_address>0x200014b5</run_address>
         <size>0x6</size>
         <input_file_ref idref="fl-5"/>
      </object_component>
      <object_component id="oc-127">
         <name>.data</name>
         <load_address>0x200014cf</load_address>
         <run_address>0x200014cf</run_address>
         <size>0x1</size>
         <input_file_ref idref="fl-6"/>
      </object_component>
      <object_component id="oc-1e1">
         <name>.data:ipAddress</name>
         <load_address>0x200014bb</load_address>
         <run_address>0x200014bb</run_address>
         <size>0x4</size>
         <input_file_ref idref="fl-9"/>
      </object_component>
      <object_component id="oc-1e4">
         <name>.data:ipSubnetMask</name>
         <load_address>0x200014c7</load_address>
         <run_address>0x200014c7</run_address>
         <size>0x4</size>
         <input_file_ref idref="fl-9"/>
      </object_component>
      <object_component id="oc-1e7">
         <name>.data:ipGwAddress</name>
         <load_address>0x200014c3</load_address>
         <run_address>0x200014c3</run_address>
         <size>0x4</size>
         <input_file_ref idref="fl-9"/>
      </object_component>
      <object_component id="oc-1ea">
         <name>.data:ipDnsAddress</name>
         <load_address>0x200014bf</load_address>
         <run_address>0x200014bf</run_address>
         <size>0x4</size>
         <input_file_ref idref="fl-9"/>
      </object_component>
      <object_component id="oc-1ed">
         <name>.data:ipTimeServerAddress</name>
         <load_address>0x200014cb</load_address>
         <run_address>0x200014cb</run_address>
         <size>0x4</size>
         <input_file_ref idref="fl-9"/>
      </object_component>
      <object_component id="oc-241">
         <name>.data</name>
         <load_address>0x200014ac</load_address>
         <run_address>0x200014ac</run_address>
         <size>0x9</size>
         <input_file_ref idref="fl-d"/>
      </object_component>
      <object_component id="oc-21e">
         <name>.data</name>
         <load_address>0x200014d4</load_address>
         <run_address>0x200014d4</run_address>
         <size>0x4</size>
         <input_file_ref idref="fl-d5"/>
      </object_component>
      <object_component id="oc-3d5">
         <name>.data</name>
         <load_address>0x200014d0</load_address>
         <run_address>0x200014d0</run_address>
         <size>0x4</size>
         <input_file_ref idref="fl-f6"/>
      </object_component>
      <object_component id="oc-12a">
         <name>.common:strInput</name>
         <uninitialized>true</uninitialized>
         <run_address>0x20001318</run_address>
         <size>0x54</size>
      </object_component>
      <object_component id="oc-12b">
         <name>.common:token</name>
         <uninitialized>true</uninitialized>
         <run_address>0x200014a4</run_address>
         <size>0x4</size>
      </object_component>
      <object_component id="oc-234">
         <name>.common:data</name>
         <uninitialized>true</uninitialized>
         <run_address>0x20001000</run_address>
         <size>0x200</size>
      </object_component>
      <object_component id="oc-237">
         <name>.common:packetLen</name>
         <uninitialized>true</uninitialized>
         <run_address>0x200014a8</run_address>
         <size>0x2</size>
      </object_component>
      <object_component id="oc-250">
         <name>.common:sockets</name>
         <uninitialized>true</uninitialized>
         <run_address>0x20001200</run_address>
         <size>0x118</size>
      </object_component>
      <object_component id="oc-247">
         <name>.common:topic</name>
         <uninitialized>true</uninitialized>
         <run_address>0x200013ac</run_address>
         <size>0x40</size>
      </object_component>
      <object_component id="oc-248">
         <name>.common:message</name>
         <uninitialized>true</uninitialized>
         <run_address>0x2000136c</run_address>
         <size>0x40</size>
      </object_component>
      <object_component id="oc-249">
         <name>.common:tcpPorts</name>
         <uninitialized>true</uninitialized>
         <run_address>0x20001498</run_address>
         <size>0x8</size>
      </object_component>
      <object_component id="oc-244">
         <name>.common:tcpState</name>
         <uninitialized>true</uninitialized>
         <run_address>0x200014a0</run_address>
         <size>0x4</size>
      </object_component>
      <object_component id="oc-78">
         <name>.common:fn</name>
         <uninitialized>true</uninitialized>
         <run_address>0x20001414</run_address>
         <size>0x28</size>
      </object_component>
      <object_component id="oc-7a">
         <name>.common:dataPara</name>
         <uninitialized>true</uninitialized>
         <run_address>0x200013ec</run_address>
         <size>0x28</size>
      </object_component>
      <object_component id="oc-74">
         <name>.common:period</name>
         <uninitialized>true</uninitialized>
         <run_address>0x2000143c</run_address>
         <size>0x28</size>
      </object_component>
      <object_component id="oc-77">
         <name>.common:ticks</name>
         <uninitialized>true</uninitialized>
         <run_address>0x20001464</run_address>
         <size>0x28</size>
      </object_component>
      <object_component id="oc-79">
         <name>.common:reload</name>
         <uninitialized>true</uninitialized>
         <run_address>0x2000148c</run_address>
         <size>0xc</size>
      </object_component>
      <object_component id="oc-24">
         <name>.stack</name>
         <uninitialized>true</uninitialized>
         <run_address>0x20000000</run_address>
         <size>0x4</size>
         <input_file_ref idref="fl-d7"/>
      </object_component>
      <object_component id="oc-49c">
         <name>.stack</name>
         <uninitialized>true</uninitialized>
         <run_address>0x20000000</run_address>
         <size>0x0</size>
      </object_component>
      <object_component id="oc-ce">
         <name>.debug_info</name>
         <load_address>0x0</load_address>
         <run_address>0x0</run_address>
         <size>0x364</size>
         <input_file_ref idref="fl-2"/>
      </object_component>
      <object_component id="oc-140">
         <name>.debug_info</name>
         <load_address>0x364</load_address>
         <run_address>0x364</run_address>
         <size>0x56b</size>
         <input_file_ref idref="fl-2"/>
      </object_component>
      <object_component id="oc-1a6">
         <name>.debug_info</name>
         <load_address>0x8cf</load_address>
         <run_address>0x8cf</run_address>
         <size>0x141</size>
         <input_file_ref idref="fl-2"/>
      </object_component>
      <object_component id="oc-8d">
         <name>.debug_info</name>
         <load_address>0xa10</load_address>
         <run_address>0xa10</run_address>
         <size>0x26b</size>
         <input_file_ref idref="fl-2"/>
      </object_component>
      <object_component id="oc-81">
         <name>.debug_info</name>
         <load_address>0xc7b</load_address>
         <run_address>0xc7b</run_address>
         <size>0x8b</size>
         <input_file_ref idref="fl-2"/>
      </object_component>
      <object_component id="oc-c7">
         <name>.debug_info</name>
         <load_address>0xd06</load_address>
         <run_address>0xd06</run_address>
         <size>0x2a4</size>
         <input_file_ref idref="fl-2"/>
      </object_component>
      <object_component id="oc-7c">
         <name>.debug_info</name>
         <load_address>0xfaa</load_address>
         <run_address>0xfaa</run_address>
         <size>0xbb</size>
         <input_file_ref idref="fl-2"/>
      </object_component>
      <object_component id="oc-19f">
         <name>.debug_info</name>
         <load_address>0x1065</load_address>
         <run_address>0x1065</run_address>
         <size>0xcc</size>
         <input_file_ref idref="fl-2"/>
      </object_component>
      <object_component id="oc-1dc">
         <name>.debug_info</name>
         <load_address>0x1131</load_address>
         <run_address>0x1131</run_address>
         <size>0x2c</size>
         <input_file_ref idref="fl-2"/>
      </object_component>
      <object_component id="oc-190">
         <name>.debug_info</name>
         <load_address>0x115d</load_address>
         <run_address>0x115d</run_address>
         <size>0xe1</size>
         <input_file_ref idref="fl-2"/>
      </object_component>
      <object_component id="oc-2da">
         <name>.debug_info</name>
         <load_address>0x123e</load_address>
         <run_address>0x123e</run_address>
         <size>0x12e</size>
         <input_file_ref idref="fl-2"/>
      </object_component>
      <object_component id="oc-e2">
         <name>.debug_info</name>
         <load_address>0x136c</load_address>
         <run_address>0x136c</run_address>
         <size>0x126</size>
         <input_file_ref idref="fl-3"/>
      </object_component>
      <object_component id="oc-3c">
         <name>.debug_info</name>
         <load_address>0x1492</load_address>
         <run_address>0x1492</run_address>
         <size>0x84</size>
         <input_file_ref idref="fl-3"/>
      </object_component>
      <object_component id="oc-106">
         <name>.debug_info</name>
         <load_address>0x1516</load_address>
         <run_address>0x1516</run_address>
         <size>0x20e</size>
         <input_file_ref idref="fl-4"/>
      </object_component>
      <object_component id="oc-1bb">
         <name>.debug_info</name>
         <load_address>0x1724</load_address>
         <run_address>0x1724</run_address>
         <size>0x470</size>
         <input_file_ref idref="fl-5"/>
      </object_component>
      <object_component id="oc-1b5">
         <name>.debug_info</name>
         <load_address>0x1b94</load_address>
         <run_address>0x1b94</run_address>
         <size>0x137</size>
         <input_file_ref idref="fl-5"/>
      </object_component>
      <object_component id="oc-1b8">
         <name>.debug_info</name>
         <load_address>0x1ccb</load_address>
         <run_address>0x1ccb</run_address>
         <size>0xdf</size>
         <input_file_ref idref="fl-5"/>
      </object_component>
      <object_component id="oc-ec">
         <name>.debug_info</name>
         <load_address>0x1daa</load_address>
         <run_address>0x1daa</run_address>
         <size>0x1890</size>
         <input_file_ref idref="fl-5"/>
      </object_component>
      <object_component id="oc-19a">
         <name>.debug_info</name>
         <load_address>0x363a</load_address>
         <run_address>0x363a</run_address>
         <size>0x88</size>
         <input_file_ref idref="fl-5"/>
      </object_component>
      <object_component id="oc-cc">
         <name>.debug_info</name>
         <load_address>0x36c2</load_address>
         <run_address>0x36c2</run_address>
         <size>0xecf</size>
         <input_file_ref idref="fl-6"/>
      </object_component>
      <object_component id="oc-128">
         <name>.debug_info</name>
         <load_address>0x4591</load_address>
         <run_address>0x4591</run_address>
         <size>0xdb</size>
         <input_file_ref idref="fl-6"/>
      </object_component>
      <object_component id="oc-b4">
         <name>.debug_info</name>
         <load_address>0x466c</load_address>
         <run_address>0x466c</run_address>
         <size>0x104d</size>
         <input_file_ref idref="fl-6"/>
      </object_component>
      <object_component id="oc-24b">
         <name>.debug_info</name>
         <load_address>0x56b9</load_address>
         <run_address>0x56b9</run_address>
         <size>0x1bc</size>
         <input_file_ref idref="fl-6"/>
      </object_component>
      <object_component id="oc-86">
         <name>.debug_info</name>
         <load_address>0x5875</load_address>
         <run_address>0x5875</run_address>
         <size>0x2c</size>
         <input_file_ref idref="fl-6"/>
      </object_component>
      <object_component id="oc-351">
         <name>.debug_info</name>
         <load_address>0x58a1</load_address>
         <run_address>0x58a1</run_address>
         <size>0xb2</size>
         <input_file_ref idref="fl-6"/>
      </object_component>
      <object_component id="oc-33b">
         <name>.debug_info</name>
         <load_address>0x5953</load_address>
         <run_address>0x5953</run_address>
         <size>0x62</size>
         <input_file_ref idref="fl-6"/>
      </object_component>
      <object_component id="oc-14b">
         <name>.debug_info</name>
         <load_address>0x59b5</load_address>
         <run_address>0x59b5</run_address>
         <size>0xc6</size>
         <input_file_ref idref="fl-6"/>
      </object_component>
      <object_component id="oc-34a">
         <name>.debug_info</name>
         <load_address>0x5a7b</load_address>
         <run_address>0x5a7b</run_address>
         <size>0x9e</size>
         <input_file_ref idref="fl-6"/>
      </object_component>
      <object_component id="oc-195">
         <name>.debug_info</name>
         <load_address>0x5b19</load_address>
         <run_address>0x5b19</run_address>
         <size>0x35</size>
         <input_file_ref idref="fl-6"/>
      </object_component>
      <object_component id="oc-1ad">
         <name>.debug_info</name>
         <load_address>0x5b4e</load_address>
         <run_address>0x5b4e</run_address>
         <size>0x273</size>
         <input_file_ref idref="fl-7"/>
      </object_component>
      <object_component id="oc-e9">
         <name>.debug_info</name>
         <load_address>0x5dc1</load_address>
         <run_address>0x5dc1</run_address>
         <size>0x10f3</size>
         <input_file_ref idref="fl-7"/>
      </object_component>
      <object_component id="oc-257">
         <name>.debug_info</name>
         <load_address>0x6eb4</load_address>
         <run_address>0x6eb4</run_address>
         <size>0x36b</size>
         <input_file_ref idref="fl-8"/>
      </object_component>
      <object_component id="oc-145">
         <name>.debug_info</name>
         <load_address>0x721f</load_address>
         <run_address>0x721f</run_address>
         <size>0x37b</size>
         <input_file_ref idref="fl-8"/>
      </object_component>
      <object_component id="oc-1f1">
         <name>.debug_info</name>
         <load_address>0x759a</load_address>
         <run_address>0x759a</run_address>
         <size>0x2d7</size>
         <input_file_ref idref="fl-9"/>
      </object_component>
      <object_component id="oc-1e2">
         <name>.debug_info</name>
         <load_address>0x7871</load_address>
         <run_address>0x7871</run_address>
         <size>0xdd</size>
         <input_file_ref idref="fl-9"/>
      </object_component>
      <object_component id="oc-1e5">
         <name>.debug_info</name>
         <load_address>0x794e</load_address>
         <run_address>0x794e</run_address>
         <size>0xe3</size>
         <input_file_ref idref="fl-9"/>
      </object_component>
      <object_component id="oc-1e8">
         <name>.debug_info</name>
         <load_address>0x7a31</load_address>
         <run_address>0x7a31</run_address>
         <size>0xe1</size>
         <input_file_ref idref="fl-9"/>
      </object_component>
      <object_component id="oc-1eb">
         <name>.debug_info</name>
         <load_address>0x7b12</load_address>
         <run_address>0x7b12</run_address>
         <size>0xe3</size>
         <input_file_ref idref="fl-9"/>
      </object_component>
      <object_component id="oc-1ee">
         <name>.debug_info</name>
         <load_address>0x7bf5</load_address>
         <run_address>0x7bf5</run_address>
         <size>0xf1</size>
         <input_file_ref idref="fl-9"/>
      </object_component>
      <object_component id="oc-100">
         <name>.debug_info</name>
         <load_address>0x7ce6</load_address>
         <run_address>0x7ce6</run_address>
         <size>0xa9f</size>
         <input_file_ref idref="fl-9"/>
      </object_component>
      <object_component id="oc-235">
         <name>.debug_info</name>
         <load_address>0x8785</load_address>
         <run_address>0x8785</run_address>
         <size>0x474</size>
         <input_file_ref idref="fl-a"/>
      </object_component>
      <object_component id="oc-22c">
         <name>.debug_info</name>
         <load_address>0x8bf9</load_address>
         <run_address>0x8bf9</run_address>
         <size>0xda</size>
         <input_file_ref idref="fl-a"/>
      </object_component>
      <object_component id="oc-22f">
         <name>.debug_info</name>
         <load_address>0x8cd3</load_address>
         <run_address>0x8cd3</run_address>
         <size>0xda</size>
         <input_file_ref idref="fl-a"/>
      </object_component>
      <object_component id="oc-232">
         <name>.debug_info</name>
         <load_address>0x8dad</load_address>
         <run_address>0x8dad</run_address>
         <size>0xda</size>
         <input_file_ref idref="fl-a"/>
      </object_component>
      <object_component id="oc-239">
         <name>.debug_info</name>
         <load_address>0x8e87</load_address>
         <run_address>0x8e87</run_address>
         <size>0xda</size>
         <input_file_ref idref="fl-a"/>
      </object_component>
      <object_component id="oc-23c">
         <name>.debug_info</name>
         <load_address>0x8f61</load_address>
         <run_address>0x8f61</run_address>
         <size>0xda</size>
         <input_file_ref idref="fl-a"/>
      </object_component>
      <object_component id="oc-124">
         <name>.debug_info</name>
         <load_address>0x903b</load_address>
         <run_address>0x903b</run_address>
         <size>0x7d6</size>
         <input_file_ref idref="fl-a"/>
      </object_component>
      <object_component id="oc-251">
         <name>.debug_info</name>
         <load_address>0x9811</load_address>
         <run_address>0x9811</run_address>
         <size>0x30a</size>
         <input_file_ref idref="fl-b"/>
      </object_component>
      <object_component id="oc-134">
         <name>.debug_info</name>
         <load_address>0x9b1b</load_address>
         <run_address>0x9b1b</run_address>
         <size>0x632</size>
         <input_file_ref idref="fl-b"/>
      </object_component>
      <object_component id="oc-1b0">
         <name>.debug_info</name>
         <load_address>0xa14d</load_address>
         <run_address>0xa14d</run_address>
         <size>0x460</size>
         <input_file_ref idref="fl-c"/>
      </object_component>
      <object_component id="oc-245">
         <name>.debug_info</name>
         <load_address>0xa5ad</load_address>
         <run_address>0xa5ad</run_address>
         <size>0x884</size>
         <input_file_ref idref="fl-d"/>
      </object_component>
      <object_component id="oc-242">
         <name>.debug_info</name>
         <load_address>0xae31</load_address>
         <run_address>0xae31</run_address>
         <size>0x1e6</size>
         <input_file_ref idref="fl-d"/>
      </object_component>
      <object_component id="oc-12d">
         <name>.debug_info</name>
         <load_address>0xb017</load_address>
         <run_address>0xb017</run_address>
         <size>0x1b62</size>
         <input_file_ref idref="fl-d"/>
      </object_component>
      <object_component id="oc-75">
         <name>.debug_info</name>
         <load_address>0xcb79</load_address>
         <run_address>0xcb79</run_address>
         <size>0x362</size>
         <input_file_ref idref="fl-e"/>
      </object_component>
      <object_component id="oc-2f">
         <name>.debug_info</name>
         <load_address>0xcedb</load_address>
         <run_address>0xcedb</run_address>
         <size>0x4fb</size>
         <input_file_ref idref="fl-e"/>
      </object_component>
      <object_component id="oc-35">
         <name>.debug_info</name>
         <load_address>0xd3d6</load_address>
         <run_address>0xd3d6</run_address>
         <size>0x2d0</size>
         <input_file_ref idref="fl-f"/>
      </object_component>
      <object_component id="oc-13">
         <name>.debug_info</name>
         <load_address>0xd6a6</load_address>
         <run_address>0xd6a6</run_address>
         <size>0xf9</size>
         <input_file_ref idref="fl-f"/>
      </object_component>
      <object_component id="oc-2b">
         <name>.debug_info</name>
         <load_address>0xd79f</load_address>
         <run_address>0xd79f</run_address>
         <size>0x275</size>
         <input_file_ref idref="fl-f"/>
      </object_component>
      <object_component id="oc-1bd">
         <name>.debug_info</name>
         <load_address>0xda14</load_address>
         <run_address>0xda14</run_address>
         <size>0x359</size>
         <input_file_ref idref="fl-10"/>
      </object_component>
      <object_component id="oc-f4">
         <name>.debug_info</name>
         <load_address>0xdd6d</load_address>
         <run_address>0xdd6d</run_address>
         <size>0x3d2</size>
         <input_file_ref idref="fl-10"/>
      </object_component>
      <object_component id="oc-139">
         <name>.debug_info</name>
         <load_address>0xe13f</load_address>
         <run_address>0xe13f</run_address>
         <size>0x130</size>
         <input_file_ref idref="fl-12"/>
      </object_component>
      <object_component id="oc-1d1">
         <name>.debug_info</name>
         <load_address>0xe26f</load_address>
         <run_address>0xe26f</run_address>
         <size>0x33a</size>
         <input_file_ref idref="fl-cc"/>
      </object_component>
      <object_component id="oc-fb">
         <name>.debug_info</name>
         <load_address>0xe5a9</load_address>
         <run_address>0xe5a9</run_address>
         <size>0x1ee</size>
         <input_file_ref idref="fl-cc"/>
      </object_component>
      <object_component id="oc-1c7">
         <name>.debug_info</name>
         <load_address>0xe797</load_address>
         <run_address>0xe797</run_address>
         <size>0x1c3</size>
         <input_file_ref idref="fl-cc"/>
      </object_component>
      <object_component id="oc-1cc">
         <name>.debug_info</name>
         <load_address>0xe95a</load_address>
         <run_address>0xe95a</run_address>
         <size>0x176</size>
         <input_file_ref idref="fl-cc"/>
      </object_component>
      <object_component id="oc-1d2">
         <name>.debug_info</name>
         <load_address>0xead0</load_address>
         <run_address>0xead0</run_address>
         <size>0x2c</size>
         <input_file_ref idref="fl-cc"/>
      </object_component>
      <object_component id="oc-1d7">
         <name>.debug_info</name>
         <load_address>0xeafc</load_address>
         <run_address>0xeafc</run_address>
         <size>0x69</size>
         <input_file_ref idref="fl-cc"/>
      </object_component>
      <object_component id="oc-211">
         <name>.debug_info</name>
         <load_address>0xeb65</load_address>
         <run_address>0xeb65</run_address>
         <size>0x37a</size>
         <input_file_ref idref="fl-cd"/>
      </object_component>
      <object_component id="oc-113">
         <name>.debug_info</name>
         <load_address>0xeedf</load_address>
         <run_address>0xeedf</run_address>
         <size>0x17e</size>
         <input_file_ref idref="fl-cd"/>
      </object_component>
      <object_component id="oc-208">
         <name>.debug_info</name>
         <load_address>0xf05d</load_address>
         <run_address>0xf05d</run_address>
         <size>0x171</size>
         <input_file_ref idref="fl-cd"/>
      </object_component>
      <object_component id="oc-201">
         <name>.debug_info</name>
         <load_address>0xf1ce</load_address>
         <run_address>0xf1ce</run_address>
         <size>0x17e</size>
         <input_file_ref idref="fl-cd"/>
      </object_component>
      <object_component id="oc-20d">
         <name>.debug_info</name>
         <load_address>0xf34c</load_address>
         <run_address>0xf34c</run_address>
         <size>0x1de</size>
         <input_file_ref idref="fl-cd"/>
      </object_component>
      <object_component id="oc-44">
         <name>.debug_info</name>
         <load_address>0xf52a</load_address>
         <run_address>0xf52a</run_address>
         <size>0x119</size>
         <input_file_ref idref="fl-ce"/>
      </object_component>
      <object_component id="oc-a6">
         <name>.debug_info</name>
         <load_address>0xf643</load_address>
         <run_address>0xf643</run_address>
         <size>0x2d4</size>
         <input_file_ref idref="fl-cf"/>
      </object_component>
      <object_component id="oc-54">
         <name>.debug_info</name>
         <load_address>0xf917</load_address>
         <run_address>0xf917</run_address>
         <size>0x1b5</size>
         <input_file_ref idref="fl-cf"/>
      </object_component>
      <object_component id="oc-a1">
         <name>.debug_info</name>
         <load_address>0xfacc</load_address>
         <run_address>0xfacc</run_address>
         <size>0x46</size>
         <input_file_ref idref="fl-cf"/>
      </object_component>
      <object_component id="oc-d6">
         <name>.debug_info</name>
         <load_address>0xfb12</load_address>
         <run_address>0xfb12</run_address>
         <size>0x2c</size>
         <input_file_ref idref="fl-cf"/>
      </object_component>
      <object_component id="oc-4c">
         <name>.debug_info</name>
         <load_address>0xfb3e</load_address>
         <run_address>0xfb3e</run_address>
         <size>0x2a8</size>
         <input_file_ref idref="fl-d0"/>
      </object_component>
      <object_component id="oc-1f">
         <name>.debug_info</name>
         <load_address>0xfde6</load_address>
         <run_address>0xfde6</run_address>
         <size>0x1ea</size>
         <input_file_ref idref="fl-d0"/>
      </object_component>
      <object_component id="oc-47">
         <name>.debug_info</name>
         <load_address>0xffd0</load_address>
         <run_address>0xffd0</run_address>
         <size>0x46</size>
         <input_file_ref idref="fl-d0"/>
      </object_component>
      <object_component id="oc-99">
         <name>.debug_info</name>
         <load_address>0x10016</load_address>
         <run_address>0x10016</run_address>
         <size>0x2c</size>
         <input_file_ref idref="fl-d0"/>
      </object_component>
      <object_component id="oc-97">
         <name>.debug_info</name>
         <load_address>0x10042</load_address>
         <run_address>0x10042</run_address>
         <size>0x29e</size>
         <input_file_ref idref="fl-d1"/>
      </object_component>
      <object_component id="oc-18">
         <name>.debug_info</name>
         <load_address>0x102e0</load_address>
         <run_address>0x102e0</run_address>
         <size>0x250</size>
         <input_file_ref idref="fl-d1"/>
      </object_component>
      <object_component id="oc-37">
         <name>.debug_info</name>
         <load_address>0x10530</load_address>
         <run_address>0x10530</run_address>
         <size>0x60</size>
         <input_file_ref idref="fl-d1"/>
      </object_component>
      <object_component id="oc-cf">
         <name>.debug_info</name>
         <load_address>0x10590</load_address>
         <run_address>0x10590</run_address>
         <size>0x46</size>
         <input_file_ref idref="fl-d1"/>
      </object_component>
      <object_component id="oc-92">
         <name>.debug_info</name>
         <load_address>0x105d6</load_address>
         <run_address>0x105d6</run_address>
         <size>0x39</size>
         <input_file_ref idref="fl-d1"/>
      </object_component>
      <object_component id="oc-2e1">
         <name>.debug_info</name>
         <load_address>0x1060f</load_address>
         <run_address>0x1060f</run_address>
         <size>0xf9</size>
         <input_file_ref idref="fl-d2"/>
      </object_component>
      <object_component id="oc-1f4">
         <name>.debug_info</name>
         <load_address>0x10708</load_address>
         <run_address>0x10708</run_address>
         <size>0x105</size>
         <input_file_ref idref="fl-d2"/>
      </object_component>
      <object_component id="oc-224">
         <name>.debug_info</name>
         <load_address>0x1080d</load_address>
         <run_address>0x1080d</run_address>
         <size>0x28a</size>
         <input_file_ref idref="fl-d3"/>
      </object_component>
      <object_component id="oc-11e">
         <name>.debug_info</name>
         <load_address>0x10a97</load_address>
         <run_address>0x10a97</run_address>
         <size>0x273</size>
         <input_file_ref idref="fl-d3"/>
      </object_component>
      <object_component id="oc-332">
         <name>.debug_info</name>
         <load_address>0x10d0a</load_address>
         <run_address>0x10d0a</run_address>
         <size>0x28f</size>
         <input_file_ref idref="fl-d4"/>
      </object_component>
      <object_component id="oc-226">
         <name>.debug_info</name>
         <load_address>0x10f99</load_address>
         <run_address>0x10f99</run_address>
         <size>0x245</size>
         <input_file_ref idref="fl-d4"/>
      </object_component>
      <object_component id="oc-222">
         <name>.debug_info</name>
         <load_address>0x111de</load_address>
         <run_address>0x111de</run_address>
         <size>0x2fe</size>
         <input_file_ref idref="fl-d5"/>
      </object_component>
      <object_component id="oc-21f">
         <name>.debug_info</name>
         <load_address>0x114dc</load_address>
         <run_address>0x114dc</run_address>
         <size>0x105</size>
         <input_file_ref idref="fl-d5"/>
      </object_component>
      <object_component id="oc-119">
         <name>.debug_info</name>
         <load_address>0x115e1</load_address>
         <run_address>0x115e1</run_address>
         <size>0x1ab</size>
         <input_file_ref idref="fl-d5"/>
      </object_component>
      <object_component id="oc-1f7">
         <name>.debug_info</name>
         <load_address>0x1178c</load_address>
         <run_address>0x1178c</run_address>
         <size>0x2b6</size>
         <input_file_ref idref="fl-d6"/>
      </object_component>
      <object_component id="oc-10c">
         <name>.debug_info</name>
         <load_address>0x11a42</load_address>
         <run_address>0x11a42</run_address>
         <size>0x154</size>
         <input_file_ref idref="fl-d6"/>
      </object_component>
      <object_component id="oc-25">
         <name>.debug_info</name>
         <load_address>0x11b96</load_address>
         <run_address>0x11b96</run_address>
         <size>0x10b</size>
         <input_file_ref idref="fl-d7"/>
      </object_component>
      <object_component id="oc-62">
         <name>.debug_info</name>
         <load_address>0x11ca1</load_address>
         <run_address>0x11ca1</run_address>
         <size>0x1a9</size>
         <input_file_ref idref="fl-d7"/>
      </object_component>
      <object_component id="oc-2bf">
         <name>.debug_info</name>
         <load_address>0x11e4a</load_address>
         <run_address>0x11e4a</run_address>
         <size>0x590</size>
         <input_file_ref idref="fl-d8"/>
      </object_component>
      <object_component id="oc-28d">
         <name>.debug_info</name>
         <load_address>0x123da</load_address>
         <run_address>0x123da</run_address>
         <size>0x21e</size>
         <input_file_ref idref="fl-d8"/>
      </object_component>
      <object_component id="oc-3a7">
         <name>.debug_info</name>
         <load_address>0x125f8</load_address>
         <run_address>0x125f8</run_address>
         <size>0x1b3</size>
         <input_file_ref idref="fl-d8"/>
      </object_component>
      <object_component id="oc-3ad">
         <name>.debug_info</name>
         <load_address>0x127ab</load_address>
         <run_address>0x127ab</run_address>
         <size>0x21b</size>
         <input_file_ref idref="fl-d8"/>
      </object_component>
      <object_component id="oc-297">
         <name>.debug_info</name>
         <load_address>0x129c6</load_address>
         <run_address>0x129c6</run_address>
         <size>0x3c0</size>
         <input_file_ref idref="fl-d8"/>
      </object_component>
      <object_component id="oc-3b4">
         <name>.debug_info</name>
         <load_address>0x12d86</load_address>
         <run_address>0x12d86</run_address>
         <size>0x30a</size>
         <input_file_ref idref="fl-d8"/>
      </object_component>
      <object_component id="oc-3bb">
         <name>.debug_info</name>
         <load_address>0x13090</load_address>
         <run_address>0x13090</run_address>
         <size>0x215</size>
         <input_file_ref idref="fl-d8"/>
      </object_component>
      <object_component id="oc-29e">
         <name>.debug_info</name>
         <load_address>0x132a5</load_address>
         <run_address>0x132a5</run_address>
         <size>0x215</size>
         <input_file_ref idref="fl-d8"/>
      </object_component>
      <object_component id="oc-2a4">
         <name>.debug_info</name>
         <load_address>0x134ba</load_address>
         <run_address>0x134ba</run_address>
         <size>0x304</size>
         <input_file_ref idref="fl-d8"/>
      </object_component>
      <object_component id="oc-2aa">
         <name>.debug_info</name>
         <load_address>0x137be</load_address>
         <run_address>0x137be</run_address>
         <size>0x4b5</size>
         <input_file_ref idref="fl-d8"/>
      </object_component>
      <object_component id="oc-1c2">
         <name>.debug_info</name>
         <load_address>0x13c73</load_address>
         <run_address>0x13c73</run_address>
         <size>0x5f4</size>
         <input_file_ref idref="fl-d8"/>
      </object_component>
      <object_component id="oc-2c0">
         <name>.debug_info</name>
         <load_address>0x14267</load_address>
         <run_address>0x14267</run_address>
         <size>0x86</size>
         <input_file_ref idref="fl-d8"/>
      </object_component>
      <object_component id="oc-3dc">
         <name>.debug_info</name>
         <load_address>0x142ed</load_address>
         <run_address>0x142ed</run_address>
         <size>0x39</size>
         <input_file_ref idref="fl-d8"/>
      </object_component>
      <object_component id="oc-449">
         <name>.debug_info</name>
         <load_address>0x14326</load_address>
         <run_address>0x14326</run_address>
         <size>0xb6</size>
         <input_file_ref idref="fl-d8"/>
      </object_component>
      <object_component id="oc-3e1">
         <name>.debug_info</name>
         <load_address>0x143dc</load_address>
         <run_address>0x143dc</run_address>
         <size>0x46</size>
         <input_file_ref idref="fl-d8"/>
      </object_component>
      <object_component id="oc-2c5">
         <name>.debug_info</name>
         <load_address>0x14422</load_address>
         <run_address>0x14422</run_address>
         <size>0x46</size>
         <input_file_ref idref="fl-d8"/>
      </object_component>
      <object_component id="oc-31b">
         <name>.debug_info</name>
         <load_address>0x14468</load_address>
         <run_address>0x14468</run_address>
         <size>0x5ce</size>
         <input_file_ref idref="fl-d9"/>
      </object_component>
      <object_component id="oc-1fa">
         <name>.debug_info</name>
         <load_address>0x14a36</load_address>
         <run_address>0x14a36</run_address>
         <size>0xa45</size>
         <input_file_ref idref="fl-d9"/>
      </object_component>
      <object_component id="oc-31d">
         <name>.debug_info</name>
         <load_address>0x1547b</load_address>
         <run_address>0x1547b</run_address>
         <size>0x9a</size>
         <input_file_ref idref="fl-d9"/>
      </object_component>
      <object_component id="oc-3a0">
         <name>.debug_info</name>
         <load_address>0x15515</load_address>
         <run_address>0x15515</run_address>
         <size>0x14c</size>
         <input_file_ref idref="fl-da"/>
      </object_component>
      <object_component id="oc-292">
         <name>.debug_info</name>
         <load_address>0x15661</load_address>
         <run_address>0x15661</run_address>
         <size>0x128</size>
         <input_file_ref idref="fl-db"/>
      </object_component>
      <object_component id="oc-38c">
         <name>.debug_info</name>
         <load_address>0x15789</load_address>
         <run_address>0x15789</run_address>
         <size>0x12a</size>
         <input_file_ref idref="fl-db"/>
      </object_component>
      <object_component id="oc-388">
         <name>.debug_info</name>
         <load_address>0x158b3</load_address>
         <run_address>0x158b3</run_address>
         <size>0x13a</size>
         <input_file_ref idref="fl-dc"/>
      </object_component>
      <object_component id="oc-381">
         <name>.debug_info</name>
         <load_address>0x159ed</load_address>
         <run_address>0x159ed</run_address>
         <size>0x13a</size>
         <input_file_ref idref="fl-dd"/>
      </object_component>
      <object_component id="oc-391">
         <name>.debug_info</name>
         <load_address>0x15b27</load_address>
         <run_address>0x15b27</run_address>
         <size>0x12e</size>
         <input_file_ref idref="fl-de"/>
      </object_component>
      <object_component id="oc-2ff">
         <name>.debug_info</name>
         <load_address>0x15c55</load_address>
         <run_address>0x15c55</run_address>
         <size>0x13e</size>
         <input_file_ref idref="fl-df"/>
      </object_component>
      <object_component id="oc-39c">
         <name>.debug_info</name>
         <load_address>0x15d93</load_address>
         <run_address>0x15d93</run_address>
         <size>0x12c</size>
         <input_file_ref idref="fl-e0"/>
      </object_component>
      <object_component id="oc-aa">
         <name>.debug_info</name>
         <load_address>0x15ebf</load_address>
         <run_address>0x15ebf</run_address>
         <size>0x147</size>
         <input_file_ref idref="fl-e1"/>
      </object_component>
      <object_component id="oc-37b">
         <name>.debug_info</name>
         <load_address>0x16006</load_address>
         <run_address>0x16006</run_address>
         <size>0x134</size>
         <input_file_ref idref="fl-e2"/>
      </object_component>
      <object_component id="oc-263">
         <name>.debug_info</name>
         <load_address>0x1613a</load_address>
         <run_address>0x1613a</run_address>
         <size>0x4b3</size>
         <input_file_ref idref="fl-e3"/>
      </object_component>
      <object_component id="oc-15e">
         <name>.debug_info</name>
         <load_address>0x165ed</load_address>
         <run_address>0x165ed</run_address>
         <size>0x1a6</size>
         <input_file_ref idref="fl-e3"/>
      </object_component>
      <object_component id="oc-366">
         <name>.debug_info</name>
         <load_address>0x16793</load_address>
         <run_address>0x16793</run_address>
         <size>0x39</size>
         <input_file_ref idref="fl-e3"/>
      </object_component>
      <object_component id="oc-40d">
         <name>.debug_info</name>
         <load_address>0x167cc</load_address>
         <run_address>0x167cc</run_address>
         <size>0x39</size>
         <input_file_ref idref="fl-e3"/>
      </object_component>
      <object_component id="oc-36b">
         <name>.debug_info</name>
         <load_address>0x16805</load_address>
         <run_address>0x16805</run_address>
         <size>0x39</size>
         <input_file_ref idref="fl-e3"/>
      </object_component>
      <object_component id="oc-370">
         <name>.debug_info</name>
         <load_address>0x1683e</load_address>
         <run_address>0x1683e</run_address>
         <size>0xcd</size>
         <input_file_ref idref="fl-e3"/>
      </object_component>
      <object_component id="oc-b0">
         <name>.debug_info</name>
         <load_address>0x1690b</load_address>
         <run_address>0x1690b</run_address>
         <size>0x153</size>
         <input_file_ref idref="fl-e4"/>
      </object_component>
      <object_component id="oc-151">
         <name>.debug_info</name>
         <load_address>0x16a5e</load_address>
         <run_address>0x16a5e</run_address>
         <size>0x122</size>
         <input_file_ref idref="fl-e6"/>
      </object_component>
      <object_component id="oc-426">
         <name>.debug_info</name>
         <load_address>0x16b80</load_address>
         <run_address>0x16b80</run_address>
         <size>0x29c</size>
         <input_file_ref idref="fl-e8"/>
      </object_component>
      <object_component id="oc-398">
         <name>.debug_info</name>
         <load_address>0x16e1c</load_address>
         <run_address>0x16e1c</run_address>
         <size>0x1da</size>
         <input_file_ref idref="fl-e8"/>
      </object_component>
      <object_component id="oc-378">
         <name>.debug_info</name>
         <load_address>0x16ff6</load_address>
         <run_address>0x16ff6</run_address>
         <size>0x2b9</size>
         <input_file_ref idref="fl-ea"/>
[...]
         <value>0x633b</value>
         <object_component_ref idref="oc-1ae"/>
      </symbol>
      <symbol id="sm-3f7">
         <name>readSpi0Data</name>
         <value>0x63a1</value>
         <object_component_ref idref="oc-1ae"/>
      </symbol>
      <symbol id="sm-3f8">
         <name>writeSpi0Data</name>
         <value>0x6389</value>
         <object_component_ref idref="oc-1ae"/>
      </symbol>
      <symbol id="sm-3f9">
         <name>initSpi0</name>
         <value>0x6269</value>
         <object_component_ref idref="oc-1ae"/>
      </symbol>
      <symbol id="sm-3fa">
         <name>setSpi0BaudRate</name>
         <value>0x6305</value>
         <object_component_ref idref="oc-1ae"/>
      </symbol>
      <symbol id="sm-4a8">
         <name>topic</name>
         <value>0x200013ac</value>
      </symbol>
      <symbol id="sm-4a9">
         <name>message</name>
         <value>0x2000136c</value>
      </symbol>
      <symbol id="sm-4aa">
         <name>tcpPorts</name>
         <value>0x20001498</value>
      </symbol>
      <symbol id="sm-4ab">
         <name>tcpState</name>
         <value>0x200014a0</value>
      </symbol>
      <symbol id="sm-4ac">
         <name>writeTCPStatus</name>
         <value>0x2ed</value>
         <object_component_ref idref="oc-12c"/>
      </symbol>
      <symbol id="sm-4ad">
         <name>conStart</name>
         <value>0x200014ad</value>
         <object_component_ref idref="oc-241"/>
      </symbol>
      <symbol id="sm-4ae">
         <name>isTcp</name>
         <value>0x3ff</value>
         <object_component_ref idref="oc-12c"/>
      </symbol>
      <symbol id="sm-4af">
         <name>setConEnd</name>
         <value>0x281</value>
         <object_component_ref idref="oc-12c"/>
      </symbol>
      <symbol id="sm-4b0">
         <name>isTcpFin</name>
         <value>0x589</value>
         <object_component_ref idref="oc-12c"/>
      </symbol>
      <symbol id="sm-4b1">
         <name>tcpPortCount</name>
         <value>0x200014ac</value>
         <object_component_ref idref="oc-241"/>
      </symbol>
      <symbol id="sm-4b2">
         <name>synAck</name>
         <value>0x200014af</value>
         <object_component_ref idref="oc-241"/>
      </symbol>
      <symbol id="sm-4b3">
         <name>sendTcpResponse</name>
         <value>0xcdd</value>
         <object_component_ref idref="oc-12c"/>
      </symbol>
      <symbol id="sm-4b4">
         <name>mqttAck</name>
         <value>0x200014b3</value>
         <object_component_ref idref="oc-241"/>
      </symbol>
      <symbol id="sm-4b5">
         <name>isTcpPsh</name>
         <value>0x54d</value>
         <object_component_ref idref="oc-12c"/>
      </symbol>
      <symbol id="sm-4b6">
         <name>setTcpPortList</name>
         <value>0xba3</value>
         <object_component_ref idref="oc-12c"/>
      </symbol>
      <symbol id="sm-4b7">
         <name>isTcpSyn</name>
         <value>0x4bf</value>
         <object_component_ref idref="oc-12c"/>
      </symbol>
      <symbol id="sm-4b8">
         <name>processTcpArpResponse</name>
         <value>0xad9</value>
         <object_component_ref idref="oc-12c"/>
      </symbol>
      <symbol id="sm-4b9">
         <name>getTcpState</name>
         <value>0x2d9</value>
         <object_component_ref idref="oc-12c"/>
      </symbol>
      <symbol id="sm-4ba">
         <name>arpRev</name>
         <value>0x200014b0</value>
         <object_component_ref idref="oc-241"/>
      </symbol>
      <symbol id="sm-4bb">
         <name>sendTcpPendingMessages</name>
         <value>0x64d</value>
         <object_component_ref idref="oc-12c"/>
      </symbol>
      <symbol id="sm-4bc">
         <name>isTcpAck</name>
         <value>0x505</value>
         <object_component_ref idref="oc-12c"/>
      </symbol>
      <symbol id="sm-4bd">
         <name>setTcpState</name>
         <value>0x2bd</value>
         <object_component_ref idref="oc-12c"/>
      </symbol>
      <symbol id="sm-4be">
         <name>setmqttPackFlag</name>
         <value>0x2a9</value>
         <object_component_ref idref="oc-12c"/>
      </symbol>
      <symbol id="sm-4bf">
         <name>recFinAck</name>
         <value>0x200014b4</value>
         <object_component_ref idref="oc-241"/>
      </symbol>
      <symbol id="sm-4c0">
         <name>conEnd</name>
         <value>0x200014ae</value>
         <object_component_ref idref="oc-241"/>
      </symbol>
      <symbol id="sm-4c1">
         <name>mqttConnect</name>
         <value>0x200014b1</value>
         <object_component_ref idref="oc-241"/>
      </symbol>
      <symbol id="sm-4c2">
         <name>sendTcpMessageWrapper</name>
         <value>0xc75</value>
         <object_component_ref idref="oc-12c"/>
      </symbol>
      <symbol id="sm-4c3">
         <name>sendTcpMessage</name>
         <value>0xee9</value>
         <object_component_ref idref="oc-12c"/>
      </symbol>
      <symbol id="sm-4c4">
         <name>mqttPack</name>
         <value>0x200014b2</value>
         <object_component_ref idref="oc-241"/>
      </symbol>
      <symbol id="sm-4c5">
         <name>setMqttCon</name>
         <value>0x295</value>
         <object_component_ref idref="oc-12c"/>
      </symbol>
      <symbol id="sm-4c6">
         <name>closeConnection</name>
         <value>0x7d9</value>
         <object_component_ref idref="oc-12c"/>
      </symbol>
      <symbol id="sm-4c7">
         <name>processTcpResponse</name>
         <value>0x819</value>
         <object_component_ref idref="oc-12c"/>
      </symbol>
      <symbol id="sm-4c8">
         <name>sendTcpResponseWrapper</name>
         <value>0xc57</value>
         <object_component_ref idref="oc-12c"/>
      </symbol>
      <symbol id="sm-4c9">
         <name>isTcpPortOpen</name>
         <value>0xbf3</value>
         <object_component_ref idref="oc-12c"/>
      </symbol>
      <symbol id="sm-4ca">
         <name>setConStart</name>
         <value>0x26d</value>
         <object_component_ref idref="oc-12c"/>
      </symbol>
      <symbol id="sm-50d">
         <name>fn</name>
         <value>0x20001414</value>
      </symbol>
      <symbol id="sm-50e">
         <name>dataPara</name>
         <value>0x200013ec</value>
      </symbol>
      <symbol id="sm-50f">
         <name>period</name>
         <value>0x2000143c</value>
      </symbol>
      <symbol id="sm-510">
         <name>ticks</name>
         <value>0x20001464</value>
      </symbol>
      <symbol id="sm-511">
         <name>reload</name>
         <value>0x2000148c</value>
      </symbol>
      <symbol id="sm-512">
         <name>initTimer</name>
         <value>0x4f99</value>
         <object_component_ref idref="oc-2d"/>
      </symbol>
      <symbol id="sm-513">
         <name>stopTimer</name>
         <value>0x5161</value>
         <object_component_ref idref="oc-2d"/>
      </symbol>
      <symbol id="sm-514">
         <name>startOneshotTimer</name>
         <value>0x5039</value>
         <object_component_ref idref="oc-2d"/>
      </symbol>
      <symbol id="sm-515">
         <name>restartTimer</name>
         <value>0x51d1</value>
         <object_component_ref idref="oc-2d"/>
      </symbol>
      <symbol id="sm-516">
         <name>random32</name>
         <value>0x52e5</value>
         <object_component_ref idref="oc-2d"/>
      </symbol>
      <symbol id="sm-517">
         <name>tickIsr</name>
         <value>0x5261</value>
         <object_component_ref idref="oc-2d"/>
      </symbol>
      <symbol id="sm-518">
         <name>startPeriodicTimer</name>
         <value>0x50cd</value>
         <object_component_ref idref="oc-2d"/>
      </symbol>
      <symbol id="sm-534">
         <name>ResetISR</name>
         <value>0x793f</value>
         <object_component_ref idref="oc-27"/>
      </symbol>
      <symbol id="sm-535">
         <name>g_pfnVectors</name>
         <value>0x0</value>
         <object_component_ref idref="oc-12"/>
      </symbol>
      <symbol id="sm-558">
         <name>getcUart0</name>
         <value>0x699f</value>
         <object_component_ref idref="oc-f1"/>
      </symbol>
      <symbol id="sm-559">
         <name>kbhitUart0</name>
         <value>0x69b3</value>
         <object_component_ref idref="oc-f1"/>
      </symbol>
      <symbol id="sm-55a">
         <name>setUart0BaudRate</name>
         <value>0x6913</value>
         <object_component_ref idref="oc-f1"/>
      </symbol>
      <symbol id="sm-55b">
         <name>putsUart0</name>
         <value>0x6973</value>
         <object_component_ref idref="oc-f1"/>
      </symbol>
      <symbol id="sm-55c">
         <name>initUart0</name>
         <value>0x68c9</value>
         <object_component_ref idref="oc-f1"/>
      </symbol>
      <symbol id="sm-55d">
         <name>putcUart0</name>
         <value>0x6957</value>
         <object_component_ref idref="oc-f1"/>
      </symbol>
      <symbol id="sm-56c">
         <name>waitMicrosecond</name>
         <value>0x77e9</value>
         <object_component_ref idref="oc-138"/>
      </symbol>
      <symbol id="sm-59b">
         <name>snprintf</name>
         <value>0x7579</value>
         <object_component_ref idref="oc-f7"/>
      </symbol>
      <symbol id="sm-5d2">
         <name>sscanf</name>
         <value>0x76d1</value>
         <object_component_ref idref="oc-10f"/>
      </symbol>
      <symbol id="sm-5ed">
         <name>memcpy</name>
         <value>0x6ee3</value>
         <object_component_ref idref="oc-41"/>
      </symbol>
      <symbol id="sm-5ee">
         <name>__aeabi_memcpy</name>
         <value>0x6ee3</value>
         <object_component_ref idref="oc-41"/>
      </symbol>
      <symbol id="sm-5ef">
         <name>__aeabi_memcpy8</name>
         <value>0x6ee3</value>
         <object_component_ref idref="oc-41"/>
      </symbol>
      <symbol id="sm-5f0">
         <name>__aeabi_memcpy4</name>
         <value>0x6ee3</value>
         <object_component_ref idref="oc-41"/>
      </symbol>
      <symbol id="sm-607">
         <name>__TI_zero_init</name>
         <value>0x7933</value>
         <object_component_ref idref="oc-53"/>
      </symbol>
      <symbol id="sm-61e">
         <name>__TI_decompress_none</name>
         <value>0x7925</value>
         <object_component_ref idref="oc-1b"/>
      </symbol>
      <symbol id="sm-641">
         <name>__TI_decompress_lzss</name>
         <value>0x7365</value>
         <object_component_ref idref="oc-15"/>
      </symbol>
      <symbol id="sm-64c">
         <name>_ctypes_</name>
         <value>0x7968</value>
         <object_component_ref idref="oc-1f3"/>
      </symbol>
      <symbol id="sm-65b">
         <name>strcmp</name>
         <value>0x7873</value>
         <object_component_ref idref="oc-11b"/>
      </symbol>
      <symbol id="sm-669">
         <name>strlen</name>
         <value>0x78cd</value>
         <object_component_ref idref="oc-225"/>
      </symbol>
      <symbol id="sm-681">
         <name>strtok</name>
         <value>0x7651</value>
         <object_component_ref idref="oc-115"/>
      </symbol>
      <symbol id="sm-690">
         <name>tolower</name>
         <value>0x7915</value>
         <object_component_ref idref="oc-109"/>
      </symbol>
      <symbol id="sm-6a3">
         <name>__stack</name>
         <value>0x20000000</value>
         <object_component_ref idref="oc-24"/>
      </symbol>
      <symbol id="sm-6a4">
         <name>_c_int00_noargs</name>
         <value>0x7709</value>
         <object_component_ref idref="oc-5f"/>
      </symbol>
      <symbol id="sm-809">
         <name>__TI_printfi</name>
         <value>0x27d1</value>
         <object_component_ref idref="oc-1be"/>
      </symbol>
      <symbol id="sm-8bf">
         <name>__TI_scanfi</name>
         <value>0x1cbd</value>
         <object_component_ref idref="oc-1f8"/>
      </symbol>
      <symbol id="sm-8d6">
         <name>__aeabi_dsub</name>
         <value>0x5f51</value>
         <object_component_ref idref="oc-39f"/>
      </symbol>
      <symbol id="sm-8d7">
         <name>__aeabi_dadd</name>
         <value>0x5f5b</value>
         <object_component_ref idref="oc-39f"/>
      </symbol>
      <symbol id="sm-8f9">
         <name>__aeabi_cdcmpeq</name>
         <value>0x7015</value>
         <object_component_ref idref="oc-28f"/>
      </symbol>
      <symbol id="sm-8fa">
         <name>__aeabi_cdcmple</name>
         <value>0x7015</value>
         <object_component_ref idref="oc-28f"/>
      </symbol>
      <symbol id="sm-8fb">
         <name>__aeabi_cdrcmple</name>
         <value>0x709b</value>
         <object_component_ref idref="oc-38a"/>
      </symbol>
      <symbol id="sm-90f">
         <name>__aeabi_ddiv</name>
         <value>0x6661</value>
         <object_component_ref idref="oc-385"/>
      </symbol>
      <symbol id="sm-91a">
         <name>__aeabi_dmul</name>
         <value>0x6d35</value>
         <object_component_ref idref="oc-380"/>
      </symbol>
      <symbol id="sm-924">
         <name>__aeabi_d2iz</name>
         <value>0x75c5</value>
         <object_component_ref idref="oc-38f"/>
      </symbol>
      <symbol id="sm-930">
         <name>__aeabi_d2f</name>
         <value>0x728d</value>
         <object_component_ref idref="oc-2fc"/>
      </symbol>
      <symbol id="sm-93a">
         <name>__aeabi_i2d</name>
         <value>0x776d</value>
         <object_component_ref idref="oc-39a"/>
      </symbol>
      <symbol id="sm-949">
         <name>__aeabi_memset</name>
         <value>0x71a7</value>
         <object_component_ref idref="oc-a7"/>
      </symbol>
      <symbol id="sm-94a">
         <name>memset</name>
         <value>0x71ad</value>
         <object_component_ref idref="oc-a7"/>
      </symbol>
      <symbol id="sm-94b">
         <name>__aeabi_memset8</name>
         <value>0x71a7</value>
         <object_component_ref idref="oc-a7"/>
      </symbol>
      <symbol id="sm-94c">
         <name>__aeabi_memset4</name>
         <value>0x71a7</value>
         <object_component_ref idref="oc-a7"/>
      </symbol>
      <symbol id="sm-94d">
         <name>__aeabi_memclr8</name>
         <value>0x71a5</value>
         <object_component_ref idref="oc-a7"/>
      </symbol>
      <symbol id="sm-94e">
         <name>__aeabi_memclr4</name>
         <value>0x71a5</value>
         <object_component_ref idref="oc-a7"/>
      </symbol>
      <symbol id="sm-94f">
         <name>__aeabi_memclr</name>
         <value>0x71a5</value>
         <object_component_ref idref="oc-a7"/>
      </symbol>
      <symbol id="sm-95c">
         <name>__aeabi_uldivmod</name>
         <value>0x6f7f</value>
         <object_component_ref idref="oc-379"/>
      </symbol>
      <symbol id="sm-984">
         <name>__TI_auto_init_nobinit_nopinit</name>
         <value>0x760d</value>
         <object_component_ref idref="oc-15c"/>
      </symbol>
      <symbol id="sm-98e">
         <name>_system_pre_init</name>
         <value>0x795d</value>
         <object_component_ref idref="oc-ad"/>
      </symbol>
      <symbol id="sm-99a">
         <name>C$$EXIT</name>
         <value>0x7961</value>
         <object_component_ref idref="oc-150"/>
      </symbol>
      <symbol id="sm-99b">
         <name>abort</name>
         <value>0x7961</value>
         <object_component_ref idref="oc-150"/>
      </symbol>
      <symbol id="sm-9ab">
         <name>__TI_ltoa</name>
         <value>0x7487</value>
         <object_component_ref idref="oc-394"/>
      </symbol>
      <symbol id="sm-9c2">
         <name>atoi</name>
         <value>0x752d</value>
         <object_component_ref idref="oc-283"/>
      </symbol>
      <symbol id="sm-9d2">
         <name>memccpy</name>
         <value>0x780d</value>
         <object_component_ref idref="oc-2ac"/>
      </symbol>
      <symbol id="sm-9e2">
         <name>strchr</name>
         <value>0x78a3</value>
         <object_component_ref idref="oc-313"/>
      </symbol>
      <symbol id="sm-9f0">
         <name>strcpy</name>
         <value>0x78b9</value>
         <object_component_ref idref="oc-2e4"/>
      </symbol>
      <symbol id="sm-a01">
         <name>strcspn</name>
         <value>0x77c5</value>
         <object_component_ref idref="oc-218"/>
      </symbol>
      <symbol id="sm-a10">
         <name>strrchr</name>
         <value>0x788b</value>
         <object_component_ref idref="oc-30d"/>
      </symbol>
      <symbol id="sm-a22">
         <name>strspn</name>
         <value>0x779b</value>
         <object_component_ref idref="oc-212"/>
      </symbol>
      <symbol id="sm-a82">
         <name>strtold</name>
         <value>0x4b39</value>
         <object_component_ref idref="oc-2f6"/>
      </symbol>
      <symbol id="sm-a83">
         <name>strtod</name>
         <value>0x4b39</value>
         <object_component_ref idref="oc-2f6"/>
      </symbol>
      <symbol id="sm-aa7">
         <name>strtol</name>
         <value>0x6799</value>
         <object_component_ref idref="oc-301"/>
      </symbol>
      <symbol id="sm-acd">
         <name>strtoll</name>
         <value>0x5ba5</value>
         <object_component_ref idref="oc-307"/>
      </symbol>
      <symbol id="sm-aed">
         <name>strtoul</name>
         <value>0x6c25</value>
         <object_component_ref idref="oc-2f0"/>
      </symbol>
      <symbol id="sm-b10">
         <name>strtoull</name>
         <value>0x63c9</value>
         <object_component_ref idref="oc-2ea"/>
      </symbol>
      <symbol id="sm-b26">
         <name>__aeabi_errno_addr</name>
         <value>0x794d</value>
         <object_component_ref idref="oc-2b8"/>
      </symbol>
      <symbol id="sm-b27">
         <name>errno</name>
         <value>0x200014d0</value>
         <object_component_ref idref="oc-3d5"/>
      </symbol>
      <symbol id="sm-b40">
         <name>wcslen</name>
         <value>0x78f3</value>
         <object_component_ref idref="oc-2b2"/>
      </symbol>
      <symbol id="sm-b60">
         <name>frexpl</name>
         <value>0x73cd</value>
         <object_component_ref idref="oc-3bf"/>
      </symbol>
      <symbol id="sm-b61">
         <name>frexp</name>
         <value>0x73cd</value>
         <object_component_ref idref="oc-3bf"/>
      </symbol>
      <symbol id="sm-b7e">
         <name>scalbn</name>
         <value>0x6b15</value>
         <object_component_ref idref="oc-3c5"/>
      </symbol>
      <symbol id="sm-b7f">
         <name>scalbnl</name>
         <value>0x6b15</value>
         <object_component_ref idref="oc-3c5"/>
      </symbol>
      <symbol id="sm-b80">
         <name>ldexpl</name>
         <value>0x6b15</value>
         <object_component_ref idref="oc-3c5"/>
      </symbol>
      <symbol id="sm-b81">
         <name>ldexp</name>
         <value>0x6b15</value>
         <object_component_ref idref="oc-3c5"/>
      </symbol>
      <symbol id="sm-b8b">
         <name>__aeabi_idiv0</name>
         <value>0x1127</value>
         <object_component_ref idref="oc-41b"/>
      </symbol>
      <symbol id="sm-b8c">
         <name>__aeabi_ldiv0</name>
         <value>0x1127</value>
         <object_component_ref idref="oc-41b"/>
      </symbol>
      <symbol id="sm-b95">
         <name>__aeabi_lmul</name>
         <value>0x785b</value>
         <object_component_ref idref="oc-3ea"/>
      </symbol>
      <symbol id="sm-b9f">
         <name>copysign</name>
         <value>0x7829</value>
         <object_component_ref idref="oc-434"/>
      </symbol>
      <symbol id="sm-ba0">
         <name>copysignl</name>
         <value>0x7829</value>
         <object_component_ref idref="oc-434"/>
      </symbol>
      <symbol id="sm-ba1">
         <name>__TI_static_base__</name>
         <value>0x0</value>
      </symbol>
      <symbol id="sm-ba4">
         <name>__mpu_init</name>
         <value>0x0</value>
      </symbol>
      <symbol id="sm-ba5">
         <name>_system_post_cinit</name>
         <value>0x0</value>
      </symbol>
   </symbol_table>
   <title>Link successful</title>
</link_info>
