******************************************************************************
                  TI ARM Linker PC v20.2.7                     
******************************************************************************
>> Linked Mon Mar 17 18:32:41 2025

OUTPUT FILE NAME:   <Project1.out>
ENTRY POINT SYMBOL: "_c_int00_noargs"  address: 00007709


MEMORY CONFIGURATION

         name            origin    length      used     unused   attr    fill
----------------------  --------  ---------  --------  --------  ----  --------
  FLASH                 00000000   00040000  00007b84  0003847c  R  X
  SRAM                  20000000   00008000  000014d9  00006b27  RW X


SEGMENT ALLOCATION MAP

run origin  load origin   length   init length attrs members
----------  ----------- ---------- ----------- ----- -------
00000000    00000000    00007b88   00007b88    r-x
  00000000    00000000    0000026c   0000026c    r-- .intvecs
  0000026c    0000026c    000076f8   000076f8    r-x .text
  00007968    00007968    000001e8   000001e8    r-- .const
  00007b50    00007b50    00000038   00000038    r-- .cinit
20000000    20000000    000014db   00000000    rw-
  20000000    20000000    00001000   00000000    rw- .stack
  20001000    20001000    000004aa   00000000    rw- .bss
  200014ac    200014ac    0000002f   00000000    rw- .data


SECTION ALLOCATION MAP

 output                                  attributes/
section   page    origin      length       input sections
--------  ----  ----------  ----------   ----------------
.intvecs   0    00000000    0000026c     
                  00000000    0000026c     tm4c123gh6pm_startup_ccs.obj (.intvecs)

.text      0    0000026c    000076f8     
                  0000026c    00000eba     tcp.obj (.text)
                  00001126    00000002     rtsv7M4_T_le_v4SPD16_eabi.lib : div0.asm.obj (.text)
                  00001128    00000b94     ethernet.obj (.text)
                  00001cbc    00000b14     rtsv7M4_T_le_v4SPD16_eabi.lib : _scanfi.c.obj (.text:__TI_scanfi)
                  000027d0    00000a4e                                   : _printfi.c.obj (.text:__TI_printfi)
                  0000321e    00000002     --HOLE-- [fill = 0]
                  00003220    00000808     gpio.obj (.text)
                  00003a28    00000714     eth0.obj (.text)
                  0000413c    00000550     mqtt.obj (.text)
                  0000468c    000004ac     ip.obj (.text)
                  00004b38    00000460     rtsv7M4_T_le_v4SPD16_eabi.lib : strtod.c.obj (.text:strtod)
                  00004f98    00000370     timer.obj (.text)
                  00005308    0000031c     socket.obj (.text)
                  00005624    0000030e     arp.obj (.text)
                  00005932    00000002     --HOLE-- [fill = 0]
                  00005934    00000270     rtsv7M4_T_le_v4SPD16_eabi.lib : _printfi.c.obj (.text:_pconv_a)
                  00005ba4    000001dc                                   : strtoll.c.obj (.text:strtoll)
                  00005d80    000001d0                                   : _printfi.c.obj (.text:_pconv_g)
                  00005f50    000001b6                                   : fd_add_t2.asm.obj (.text)
                  00006106    00000160     icmp.obj (.text)
                  00006266    00000002     --HOLE-- [fill = 0]
                  00006268    00000160     spi0.obj (.text)
                  000063c8    0000015c     rtsv7M4_T_le_v4SPD16_eabi.lib : strtoull.c.obj (.text:strtoull)
                  00006524    0000013c                                   : _printfi.c.obj (.text:_pconv_e)
                  00006660    00000136                                   : fd_div_t2.asm.obj (.text)
                  00006796    00000002     --HOLE-- [fill = 0]
                  00006798    00000130                                   : strtol.c.obj (.text:strtol)
                  000068c8    00000128     uart0.obj (.text)
                  000069f0    00000124     rtsv7M4_T_le_v4SPD16_eabi.lib : _printfi.c.obj (.text:fcvt)
                  00006b14    00000110                                   : s_scalbn.c.obj (.text:scalbn)
                  00006c24    00000110                                   : strtoul.c.obj (.text:strtoul)
                  00006d34    000000fc                                   : fd_mul_t2.asm.obj (.text)
                  00006e30    000000b1                                   : _printfi.c.obj (.text:_ltostr)
                  00006ee1    00000001     --HOLE-- [fill = 0]
                  00006ee2    0000009c                                   : memcpy_t2.asm.obj (.text)
                  00006f7e    00000096                                   : ull_div_t2.asm.obj (.text)
                  00007014    00000086                                   : fd_cmp_t2.asm.obj (.text:__aeabi_cdcmple)
                  0000709a    00000086                                   : fd_cmp_t2.asm.obj (.text:__aeabi_cdrcmple)
                  00007120    00000084     eeprom.obj (.text)
                  000071a4    0000007a     rtsv7M4_T_le_v4SPD16_eabi.lib : memset_t2.asm.obj (.text)
                  0000721e    0000006e                                   : _printfi.c.obj (.text:_mcpy)
                  0000728c    0000006e                                   : fd_tos_t2.asm.obj (.text)
                  000072fa    00000002     --HOLE-- [fill = 0]
                  000072fc    00000068                                   : sscanf.c.obj (.text:_chkmbc)
                  00007364    00000068                                   : copy_decompress_lzss.c.obj (.text:decompress:lzss:__TI_decompress_lzss)
                  000073cc    00000064                                   : s_frexp.c.obj (.text:frexp)
                  00007430    00000056                                   : _printfi.c.obj (.text:_pconv_f)
                  00007486    00000054                                   : _ltoa.c.obj (.text:__TI_ltoa)
                  000074da    00000052                                   : _printfi.c.obj (.text:_ecpy)
                  0000752c    0000004c                                   : atoi.c.obj (.text:atoi)
                  00007578    0000004c                                   : snprintf.c.obj (.text:snprintf)
                  000075c4    00000048                                   : fd_toi_t2.asm.obj (.text)
                  0000760c    00000044                                   : autoinit.c.obj (.text:__TI_auto_init_nobinit_nopinit:__TI_auto_init_nobinit_nopinit)
                  00007650    00000040                                   : strtok.c.obj (.text:strtok)
                  00007690    0000003e                                   : _printfi.c.obj (.text:_fcpy)
                  000076ce    00000002     --HOLE-- [fill = 0]
                  000076d0    00000038                                   : sscanf.c.obj (.text:sscanf)
                  00007708    00000034                                   : boot_cortex_m.c.obj (.text:_c_int00_noargs:_c_int00_noargs)
                  0000773c    00000030                                   : snprintf.c.obj (.text:_outs)
                  0000776c    0000002e                                   : i_tofd_t2.asm.obj (.text)
                  0000779a    0000002a                                   : strspn.c.obj (.text:strspn)
                  000077c4    00000024                                   : strcspn.c.obj (.text:strcspn)
                  000077e8    00000024     wait.obj (.text)
                  0000780c    0000001c     rtsv7M4_T_le_v4SPD16_eabi.lib : memccpy.c.obj (.text:memccpy)
                  00007828    0000001a                                   : s_copysign.c.obj (.text:copysign)
                  00007842    00000018                                   : snprintf.c.obj (.text:_outc)
                  0000785a    00000018                                   : ll_mul_t2.asm.obj (.text)
                  00007872    00000018                                   : strcmp.c.obj (.text:strcmp)
                  0000788a    00000018                                   : strrchr.c.obj (.text:strrchr)
                  000078a2    00000016                                   : strchr.c.obj (.text:strchr)
                  000078b8    00000014                                   : strcpy.c.obj (.text:strcpy)
                  000078cc    00000014                                   : strlen.c.obj (.text:strlen)
                  000078e0    00000012                                   : sscanf.c.obj (.text:_inpchar)
                  000078f2    00000012                                   : wcslen.c.obj (.text:wcslen)
                  00007904    00000010     clock.obj (.text)
                  00007914    00000010     rtsv7M4_T_le_v4SPD16_eabi.lib : tolower.c.obj (.text:tolower)
                  00007924    0000000e                                   : copy_decompress_none.c.obj (.text:decompress:none:__TI_decompress_none)
                  00007932    0000000c                                   : copy_zero_init.c.obj (.text:decompress:ZI:__TI_zero_init)
                  0000793e    0000000c     tm4c123gh6pm_startup_ccs.obj (.text)
                  0000794a    00000002     --HOLE-- [fill = 0]
                  0000794c    00000008     rtsv7M4_T_le_v4SPD16_eabi.lib : errno.c.obj (.text:__aeabi_errno_addr)
                  00007954    00000008                                   : sscanf.c.obj (.text:_uninpchar)
                  0000795c    00000004                                   : pre_init.c.obj (.text:_system_pre_init)
                  00007960    00000004                                   : exit.c.obj (.text:abort:abort)

.const     0    00007968    000001e8     
                  00007968    00000101     rtsv7M4_T_le_v4SPD16_eabi.lib : ctype.c.obj (.const:.string:_ctypes_)
                  00007a69    00000004     mqtt.obj (.const:.string:$P$T1$2)
                  00007a6d    00000002     mqtt.obj (.const:.string:$P$T0$1)
                  00007a6f    00000001     --HOLE-- [fill = 0]
                  00007a70    000000c8     rtsv7M4_T_le_v4SPD16_eabi.lib : strtod.c.obj (.const:$O1$$)
                  00007b38    00000010                                   : _scanfi.c.obj (.const:$O1$$)
                  00007b48    00000004     mqtt.obj (.const:.string:$P$T3$4)
                  00007b4c    00000002     mqtt.obj (.const:.string:$P$T2$3)
                  00007b4e    00000002     mqtt.obj (.const:.string:$P$T4$5)

.cinit     0    00007b50    00000038     
                  00007b50    00000014     (.cinit..data.load) [load image, compression = lzss]
                  00007b64    0000000c     (__TI_handler_table)
                  00007b70    00000008     (.cinit..bss.load) [load image, compression = zero_init]
                  00007b78    00000010     (__TI_cinit_table)

.init_array 
*          0    00000000    00000000     UNINITIALIZED

.bss       0    20001000    000004aa     UNINITIALIZED
                  20001000    00000200     (.common:data)
                  20001200    00000118     (.common:sockets)
                  20001318    00000054     (.common:strInput)
                  2000136c    00000040     (.common:message)
                  200013ac    00000040     (.common:topic)
                  200013ec    00000028     (.common:dataPara)
                  20001414    00000028     (.common:fn)
                  2000143c    00000028     (.common:period)
                  20001464    00000028     (.common:ticks)
                  2000148c    0000000c     (.common:reload)
                  20001498    00000008     (.common:tcpPorts)
                  200014a0    00000004     (.common:tcpState)
                  200014a4    00000004     (.common:token)
                  200014a8    00000002     (.common:packetLen)

.data      0    200014ac    0000002f     UNINITIALIZED
                  200014ac    00000009     tcp.obj (.data)
                  200014b5    00000006     eth0.obj (.data:hwAddress)
                  200014bb    00000004     ip.obj (.data:ipAddress)
                  200014bf    00000004     ip.obj (.data:ipDnsAddress)
                  200014c3    00000004     ip.obj (.data:ipGwAddress)
                  200014c7    00000004     ip.obj (.data:ipSubnetMask)
                  200014cb    00000004     ip.obj (.data:ipTimeServerAddress)
                  200014cf    00000001     ethernet.obj (.data)
                  200014d0    00000004     rtsv7M4_T_le_v4SPD16_eabi.lib : errno.c.obj (.data)
                  200014d4    00000004                                   : strtok.c.obj (.data)
                  200014d8    00000003     eth0.obj (.data)

.stack     0    20000000    00001000     UNINITIALIZED
                  20000000    00000004     rtsv7M4_T_le_v4SPD16_eabi.lib : boot_cortex_m.c.obj (.stack)
                  20000004    00000ffc     --HOLE--

__llvm_prf_cnts 
*          0    20000000    00000000     UNINITIALIZED

MODULE SUMMARY

       Module                         code    ro data   rw data
       ------                         ----    -------   -------
    .\
       tcp.obj                        3770    0         149    
       ethernet.obj                   2964    0         89     
       gpio.obj                       2056    0         0      
       mqtt.obj                       1360    14        514    
       eth0.obj                       1812    0         9      
       ip.obj                         1196    0         20     
       socket.obj                     796     0         280    
       timer.obj                      880     0         172    
       arp.obj                        782     0         0      
       tm4c123gh6pm_startup_ccs.obj   12      620       0      
       icmp.obj                       352     0         0      
       spi0.obj                       352     0         0      
       uart0.obj                      296     0         0      
       eeprom.obj                     132     0         0      
       wait.obj                       36      0         0      
       clock.obj                      16      0         0      
    +--+------------------------------+-------+---------+---------+
       Total:                         16812   634       1233   
                                                               
    C:\ti\ccs1280\ccs\tools\compiler\ti-cgt-arm_20.2.7.LTS\lib\rtsv7M4_T_le_v4SPD16_eabi.lib
       _printfi.c.obj                 4851    0         0      
       _scanfi.c.obj                  2836    16        0      
       strtod.c.obj                   1120    200       0      
       strtoll.c.obj                  476     0         0      
       fd_add_t2.asm.obj              438     0         0      
       strtoull.c.obj                 348     0         0      
       fd_div_t2.asm.obj              310     0         0      
       strtol.c.obj                   304     0         0      
       s_scalbn.c.obj                 272     0         0      
       strtoul.c.obj                  272     0         0      
       fd_cmp_t2.asm.obj              268     0         0      
       ctype.c.obj                    0       257       0      
       fd_mul_t2.asm.obj              252     0         0      
       sscanf.c.obj                   186     0         0      
       memcpy_t2.asm.obj              156     0         0      
       ull_div_t2.asm.obj             150     0         0      
       snprintf.c.obj                 148     0         0      
       memset_t2.asm.obj              122     0         0      
       fd_tos_t2.asm.obj              110     0         0      
       copy_decompress_lzss.c.obj     104     0         0      
       s_frexp.c.obj                  100     0         0      
       _ltoa.c.obj                    84      0         0      
       atoi.c.obj                     76      0         0      
       fd_toi_t2.asm.obj              72      0         0      
       autoinit.c.obj                 68      0         0      
       strtok.c.obj                   64      0         4      
       boot_cortex_m.c.obj            52      0         0      
       i_tofd_t2.asm.obj              46      0         0      
       strspn.c.obj                   42      0         0      
       strcspn.c.obj                  36      0         0      
       memccpy.c.obj                  28      0         0      
       s_copysign.c.obj               26      0         0      
       ll_mul_t2.asm.obj              24      0         0      
       strcmp.c.obj                   24      0         0      
       strrchr.c.obj                  24      0         0      
       strchr.c.obj                   22      0         0      
       strcpy.c.obj                   20      0         0      
       strlen.c.obj                   20      0         0      
       wcslen.c.obj                   18      0         0      
       tolower.c.obj                  16      0         0      
       copy_decompress_none.c.obj     14      0         0      
       copy_zero_init.c.obj           12      0         0      
       errno.c.obj                    8       0         4      
       exit.c.obj                     4       0         0      
       pre_init.c.obj                 4       0         0      
       div0.asm.obj                   2       0         0      
    +--+------------------------------+-------+---------+---------+
       Total:                         13629   473       8      
                                                               
       Stack:                         0       0         4096   
       Linker Generated:              0       56        0      
    +--+------------------------------+-------+---------+---------+
       Grand Total:                   30441   1163      5337   


LINKER GENERATED COPY TABLES

__TI_cinit_table @ 00007b78 records: 2, size/record: 8, table size: 16
	.data: load addr=00007b50, load size=00000014 bytes, run addr=200014ac, run size=0000002f bytes, compression=lzss
	.bss: load addr=00007b70, load size=00000008 bytes, run addr=20001000, run size=000004aa bytes, compression=zero_init


LINKER GENERATED HANDLER TABLE

__TI_handler_table @ 00007b64 records: 3, size/record: 4, table size: 12
	index: 0, handler: __TI_decompress_lzss
	index: 1, handler: __TI_decompress_none
	index: 2, handler: __TI_zero_init


GLOBAL SYMBOLS: SORTED ALPHABETICALLY BY Name 

address   name                          
-------   ----                          
00007961  C$$EXIT                       
0000793f  ResetISR                      
20001000  __STACK_END                   
00001000  __STACK_SIZE                  
20000200  __STACK_TOP                   
00007b78  __TI_CINIT_Base               
00007b88  __TI_CINIT_Limit              
00007b64  __TI_Handler_Table_Base       
00007b70  __TI_Handler_Table_Limit      
0000760d  __TI_auto_init_nobinit_nopinit
00007365  __TI_decompress_lzss          
00007925  __TI_decompress_none          
00007487  __TI_ltoa                     
ffffffff  __TI_pprof_out_hndl           
000027d1  __TI_printfi                  
ffffffff  __TI_prof_data_size           
ffffffff  __TI_prof_data_start          
00001cbd  __TI_scanfi                   
00000000  __TI_static_base__            
00007933  __TI_zero_init                
00007015  __aeabi_cdcmpeq               
00007015  __aeabi_cdcmple               
0000709b  __aeabi_cdrcmple              
0000728d  __aeabi_d2f                   
000075c5  __aeabi_d2iz                  
00005f5b  __aeabi_dadd                  
00006661  __aeabi_ddiv                  
00006d35  __aeabi_dmul                  
00005f51  __aeabi_dsub                  
0000794d  __aeabi_errno_addr            
0000776d  __aeabi_i2d                   
00001127  __aeabi_idiv0                 
00001127  __aeabi_ldiv0                 
0000785b  __aeabi_lmul                  
000071a5  __aeabi_memclr                
000071a5  __aeabi_memclr4               
000071a5  __aeabi_memclr8               
00006ee3  __aeabi_memcpy                
00006ee3  __aeabi_memcpy4               
00006ee3  __aeabi_memcpy8               
000071a7  __aeabi_memset                
000071a7  __aeabi_memset4               
000071a7  __aeabi_memset8               
00006f7f  __aeabi_uldivmod              
ffffffff  __binit__                     
ffffffff  __c_args__                    
UNDEFED   __mpu_init                    
20000000  __stack                       
20000000  __start___llvm_prf_cnts       
20000000  __stop___llvm_prf_cnts        
00007709  _c_int00_noargs               
00007968  _ctypes_                      
UNDEFED   _system_post_cinit            
0000795d  _system_pre_init              
00007961  abort                         
200014b0  arpRev                        
000014a5  asciiToUint8                  
0000752d  atoi                          
ffffffff  binit                         
00004af3  calcIpChecksum                
00003ae7  clearEtherReg                 
00003875  clearPinInterrupt             
000007d9  closeConnection               
200014ae  conEnd                        
200014ad  conStart                      
00004147  connectMqtt                   
00007829  copysign                      
00007829  copysignl                     
200014cf  count                         
20001000  data                          
200013ec  dataPara                      
000053e9  deleteSocket                  
00003a3f  disableEtherCs                
00003851  disablePinInterrupt           
00003589  disablePinPulldown            
00003541  disablePinPullup              
000032dd  disablePort                   
000042f3  disconnectMqtt                
00001165  displayConnectionInfo         
00003a29  enableEtherCs                 
0000382d  enablePinInterrupt            
00003565  enablePinPulldown             
00003513  enablePinPullup               
00003221  enablePort                    
200014d0  errno                         
20001414  fn                            
000073cd  frexp                         
000073cd  frexpl                        
00000000  g_pfnVectors                  
00004043  getEtherId                    
000040dd  getEtherMacAddress            
00003e1d  getEtherPacket                
000047bd  getIpAddress                  
00004ac1  getIpChecksum                 
00004919  getIpDnsAddress               
000048a5  getIpGatewayAddress           
00004a05  getIpMqttBrokerAddress        
00004831  getIpSubnetMask               
0000498d  getIpTimeServerAddress        
0000413d  getMQTTPack                   
00004141  getMQTTPackLen                
000038e3  getPinValue                   
00003999  getPortValue                  
0000532d  getSocket                     
00005451  getSocketInfoFromArpResponse  
00005573  getSocketInfoFromTcpPacket    
000054c9  getSocketInfoFromUdpPacket    
000002d9  getTcpState                   
0000699f  getcUart0                     
00004017  htonl                         
00003ff3  htons                         
200014b5  hwAddress                     
0000404f  incEtherId                    
00007121  initEeprom                    
00003c33  initEther                     
00001129  initHw                        
00005347  initSockets                   
00006269  initSpi0                      
00007905  initSystemClockTo40Mhz        
00004f99  initTimer                     
000068c9  initUart0                     
200014bb  ipAddress                     
200014bf  ipDnsAddress                  
200014c3  ipGwAddress                   
200014c7  ipSubnetMask                  
200014cb  ipTimeServerAddress           
00005625  isArpRequest                  
000056c9  isArpResponse                 
00003dd3  isEtherDataAvailable          
0000475d  isEtherIpValid                
00003db9  isEtherLinkUp                 
00003ded  isEtherOverflow               
0000468d  isIp                          
000046fd  isIpUnicast                   
00006107  isPingRequest                 
000003ff  isTcp                         
00000505  isTcpAck                      
00000589  isTcpFin                      
00000bf3  isTcpPortOpen                 
0000054d  isTcpPsh                      
000004bf  isTcpSyn                      
000069b3  kbhitUart0                    
00006b15  ldexp                         
00006b15  ldexpl                        
00001a5d  main                          
0000780d  memccpy                       
00006ee3  memcpy                        
000071ad  memset                        
2000136c  message                       
200014b3  mqttAck                       
200014b1  mqttConnect                   
200014b2  mqttPack                      
0000537f  newSocket                     
200014d8  nextPacketLsb                 
200014d9  nextPacketMsb                 
200014a8  packetLen                     
2000143c  period                        
0000465f  pingReqMqtt                   
0000154f  processShell                  
00000ad9  processTcpArpResponse         
00000819  processTcpResponse            
0000432d  publishMqtt                   
00003f0d  putEtherPacket                
00006957  putcUart0                     
00006973  putsUart0                     
000052e5  random32                      
000013f1  readConfiguration             
00007169  readEeprom                    
00003c1b  readEtherMem                  
00003b6f  readEtherPhy                  
00003a81  readEtherReg                  
000063a1  readSpi0Data                  
200014b4  recFinAck                     
2000148c  reload                        
000051d1  restartTimer                  
00006b15  scalbn                        
00006b15  scalbnl                       
00003447  selectPinAnalogInput          
000033f9  selectPinDigitalInput         
00003763  selectPinInterruptBothEdges   
00003713  selectPinInterruptFallingEdge 
000037b9  selectPinInterruptHighLevel   
000037f3  selectPinInterruptLowLevel    
000036c3  selectPinInterruptRisingEdge  
000033ab  selectPinOpenDrainOutput      
0000335d  selectPinPushPullOutput       
00005815  sendArpRequest                
000057fb  sendArpRequestWrapper         
0000571d  sendArpResponse               
0000614b  sendPingRequest               
00006157  sendPingResponse              
00000ee9  sendTcpMessage                
00000c75  sendTcpMessageWrapper         
0000064d  sendTcpPendingMessages        
00000cdd  sendTcpResponse               
00000c57  sendTcpResponseWrapper        
200014da  sequenceId                    
00000281  setConEnd                     
0000026d  setConStart                   
00003b1b  setEtherBank                  
00004059  setEtherMacAddress            
00003ab3  setEtherReg                   
00004783  setIpAddress                  
000048df  setIpDnsAddress               
0000486b  setIpGatewayAddress           
000049c7  setIpMqttBrokerAddress        
000047f7  setIpSubnetMask               
00004953  setIpTimeServerAddress        
00000295  setMqttCon                    
000035b1  setPinAuxFunction             
00003497  setPinCommitControl           
00003899  setPinValue                   
00003921  setPortValue                  
00005309  setSocket                     
00006305  setSpi0BaudRate               
0000633b  setSpi0Mode                   
00000ba3  setTcpPortList                
000002bd  setTcpState                   
00006913  setUart0BaudRate              
000002a9  setmqttPackFlag               
00007579  snprintf                      
20001200  sockets                       
000076d1  sscanf                        
00003c09  startEtherMemRead             
00003bdb  startEtherMemWrite            
00005039  startOneshotTimer             
000050cd  startPeriodicTimer            
00003c2b  stopEtherMemRead              
00003c01  stopEtherMemWrite             
00005161  stopTimer                     
20001318  strInput                      
000078a3  strchr                        
00007873  strcmp                        
000078b9  strcpy                        
000077c5  strcspn                       
000078cd  strlen                        
0000788b  strrchr                       
0000779b  strspn                        
00004b39  strtod                        
00007651  strtok                        
00006799  strtol                        
00004b39  strtold                       
00005ba5  strtoll                       
00006c25  strtoul                       
000063c9  strtoull                      
00004439  subscribeMqtt                 
00004a4d  sumIpWords                    
200014af  synAck                        
200014ac  tcpPortCount                  
20001498  tcpPorts                      
200014a0  tcpState                      
00005261  tickIsr                       
20001464  ticks                         
000038bf  togglePinValue                
200014a4  token                         
00007915  tolower                       
200013ac  topic                         
00004565  unsubscribeMqtt               
000077e9  waitMicrosecond               
000078f3  wcslen                        
00007137  writeEeprom                   
00003bed  writeEtherMem                 
00003b37  writeEtherPhy                 
00003a4d  writeEtherReg                 
00006389  writeSpi0Data                 
000002ed  writeTCPStatus                


GLOBAL SYMBOLS: SORTED BY Symbol Address 

address   name                          
-------   ----                          
00000000  __TI_static_base__            
00000000  g_pfnVectors                  
0000026d  setConStart                   
00000281  setConEnd                     
00000295  setMqttCon                    
000002a9  setmqttPackFlag               
000002bd  setTcpState                   
000002d9  getTcpState                   
000002ed  writeTCPStatus                
000003ff  isTcp                         
000004bf  isTcpSyn                      
00000505  isTcpAck                      
0000054d  isTcpPsh                      
00000589  isTcpFin                      
0000064d  sendTcpPendingMessages        
000007d9  closeConnection               
00000819  processTcpResponse            
00000ad9  processTcpArpResponse         
00000ba3  setTcpPortList                
00000bf3  isTcpPortOpen                 
00000c57  sendTcpResponseWrapper        
00000c75  sendTcpMessageWrapper         
00000cdd  sendTcpResponse               
00000ee9  sendTcpMessage                
00001000  __STACK_SIZE                  
00001127  __aeabi_idiv0                 
00001127  __aeabi_ldiv0                 
00001129  initHw                        
00001165  displayConnectionInfo         
000013f1  readConfiguration             
000014a5  asciiToUint8                  
0000154f  processShell                  
00001a5d  main                          
00001cbd  __TI_scanfi                   
000027d1  __TI_printfi                  
00003221  enablePort                    
000032dd  disablePort                   
0000335d  selectPinPushPullOutput       
000033ab  selectPinOpenDrainOutput      
000033f9  selectPinDigitalInput         
00003447  selectPinAnalogInput          
00003497  setPinCommitControl           
00003513  enablePinPullup               
00003541  disablePinPullup              
00003565  enablePinPulldown             
00003589  disablePinPulldown            
000035b1  setPinAuxFunction             
000036c3  selectPinInterruptRisingEdge  
00003713  selectPinInterruptFallingEdge 
00003763  selectPinInterruptBothEdges   
000037b9  selectPinInterruptHighLevel   
000037f3  selectPinInterruptLowLevel    
0000382d  enablePinInterrupt            
00003851  disablePinInterrupt           
00003875  clearPinInterrupt             
00003899  setPinValue                   
000038bf  togglePinValue                
000038e3  getPinValue                   
00003921  setPortValue                  
00003999  getPortValue                  
00003a29  enableEtherCs                 
00003a3f  disableEtherCs                
00003a4d  writeEtherReg                 
00003a81  readEtherReg                  
00003ab3  setEtherReg                   
00003ae7  clearEtherReg                 
00003b1b  setEtherBank                  
00003b37  writeEtherPhy                 
00003b6f  readEtherPhy                  
00003bdb  startEtherMemWrite            
00003bed  writeEtherMem                 
00003c01  stopEtherMemWrite             
00003c09  startEtherMemRead             
00003c1b  readEtherMem                  
00003c2b  stopEtherMemRead              
00003c33  initEther                     
00003db9  isEtherLinkUp                 
00003dd3  isEtherDataAvailable          
00003ded  isEtherOverflow               
00003e1d  getEtherPacket                
00003f0d  putEtherPacket                
00003ff3  htons                         
00004017  htonl                         
00004043  getEtherId                    
0000404f  incEtherId                    
00004059  setEtherMacAddress            
000040dd  getEtherMacAddress            
0000413d  getMQTTPack                   
00004141  getMQTTPackLen                
00004147  connectMqtt                   
000042f3  disconnectMqtt                
0000432d  publishMqtt                   
00004439  subscribeMqtt                 
00004565  unsubscribeMqtt               
0000465f  pingReqMqtt                   
0000468d  isIp                          
000046fd  isIpUnicast                   
0000475d  isEtherIpValid                
00004783  setIpAddress                  
000047bd  getIpAddress                  
000047f7  setIpSubnetMask               
00004831  getIpSubnetMask               
0000486b  setIpGatewayAddress           
000048a5  getIpGatewayAddress           
000048df  setIpDnsAddress               
00004919  getIpDnsAddress               
00004953  setIpTimeServerAddress        
0000498d  getIpTimeServerAddress        
000049c7  setIpMqttBrokerAddress        
00004a05  getIpMqttBrokerAddress        
00004a4d  sumIpWords                    
00004ac1  getIpChecksum                 
00004af3  calcIpChecksum                
00004b39  strtod                        
00004b39  strtold                       
00004f99  initTimer                     
00005039  startOneshotTimer             
000050cd  startPeriodicTimer            
00005161  stopTimer                     
000051d1  restartTimer                  
00005261  tickIsr                       
000052e5  random32                      
00005309  setSocket                     
0000532d  getSocket                     
00005347  initSockets                   
0000537f  newSocket                     
000053e9  deleteSocket                  
00005451  getSocketInfoFromArpResponse  
000054c9  getSocketInfoFromUdpPacket    
00005573  getSocketInfoFromTcpPacket    
00005625  isArpRequest                  
000056c9  isArpResponse                 
0000571d  sendArpResponse               
000057fb  sendArpRequestWrapper         
00005815  sendArpRequest                
00005ba5  strtoll                       
00005f51  __aeabi_dsub                  
00005f5b  __aeabi_dadd                  
00006107  isPingRequest                 
0000614b  sendPingRequest               
00006157  sendPingResponse              
00006269  initSpi0                      
00006305  setSpi0BaudRate               
0000633b  setSpi0Mode                   
00006389  writeSpi0Data                 
000063a1  readSpi0Data                  
000063c9  strtoull                      
00006661  __aeabi_ddiv                  
00006799  strtol                        
000068c9  initUart0                     
00006913  setUart0BaudRate              
00006957  putcUart0                     
00006973  putsUart0                     
0000699f  getcUart0                     
000069b3  kbhitUart0                    
00006b15  ldexp                         
00006b15  ldexpl                        
00006b15  scalbn                        
00006b15  scalbnl                       
00006c25  strtoul                       
00006d35  __aeabi_dmul                  
00006ee3  __aeabi_memcpy                
00006ee3  __aeabi_memcpy4               
00006ee3  __aeabi_memcpy8               
00006ee3  memcpy                        
00006f7f  __aeabi_uldivmod              
00007015  __aeabi_cdcmpeq               
00007015  __aeabi_cdcmple               
0000709b  __aeabi_cdrcmple              
00007121  initEeprom                    
00007137  writeEeprom                   
00007169  readEeprom                    
000071a5  __aeabi_memclr                
000071a5  __aeabi_memclr4               
000071a5  __aeabi_memclr8               
000071a7  __aeabi_memset                
000071a7  __aeabi_memset4               
000071a7  __aeabi_memset8               
000071ad  memset                        
0000728d  __aeabi_d2f                   
00007365  __TI_decompress_lzss          
000073cd  frexp                         
000073cd  frexpl                        
00007487  __TI_ltoa                     
0000752d  atoi                          
00007579  snprintf                      
000075c5  __aeabi_d2iz                  
0000760d  __TI_auto_init_nobinit_nopinit
00007651  strtok                        
000076d1  sscanf                        
00007709  _c_int00_noargs               
0000776d  __aeabi_i2d                   
0000779b  strspn                        
000077c5  strcspn                       
000077e9  waitMicrosecond               
0000780d  memccpy                       
00007829  copysign                      
00007829  copysignl                     
0000785b  __aeabi_lmul                  
00007873  strcmp                        
0000788b  strrchr                       
000078a3  strchr                        
000078b9  strcpy                        
000078cd  strlen                        
000078f3  wcslen                        
00007905  initSystemClockTo40Mhz        
00007915  tolower                       
00007925  __TI_decompress_none          
00007933  __TI_zero_init                
0000793f  ResetISR                      
0000794d  __aeabi_errno_addr            
0000795d  _system_pre_init              
00007961  C$$EXIT                       
00007961  abort                         
00007968  _ctypes_                      
00007b64  __TI_Handler_Table_Base       
00007b70  __TI_Handler_Table_Limit      
00007b78  __TI_CINIT_Base               
00007b88  __TI_CINIT_Limit              
20000000  __stack                       
20000000  __start___llvm_prf_cnts       
20000000  __stop___llvm_prf_cnts        
20000200  __STACK_TOP                   
20001000  __STACK_END                   
20001000  data                          
20001200  sockets                       
20001318  strInput                      
2000136c  message                       
200013ac  topic                         
200013ec  dataPara                      
20001414  fn                            
2000143c  period                        
20001464  ticks                         
2000148c  reload                        
20001498  tcpPorts                      
200014a0  tcpState                      
200014a4  token                         
200014a8  packetLen                     
200014ac  tcpPortCount                  
200014ad  conStart                      
200014ae  conEnd                        
200014af  synAck                        
200014b0  arpRev                        
200014b1  mqttConnect                   
200014b2  mqttPack                      
200014b3  mqttAck                       
200014b4  recFinAck                     
200014b5  hwAddress                     
200014bb  ipAddress                     
200014bf  ipDnsAddress                  
200014c3  ipGwAddress                   
200014c7  ipSubnetMask                  
200014cb  ipTimeServerAddress           
200014cf  count                         
200014d0  errno                         
200014d8  nextPacketLsb                 
200014d9  nextPacketMsb                 
200014da  sequenceId                    
ffffffff  __TI_pprof_out_hndl           
ffffffff  __TI_prof_data_size           
ffffffff  __TI_prof_data_start          
ffffffff  __binit__                     
ffffffff  __c_args__                    
ffffffff  binit                         
UNDEFED   __mpu_init                    
UNDEFED   _system_post_cinit            

[266 symbols]
